harsh@harsh-HP-Notebook:~/Desktop$ cd ..
harsh@harsh-HP-Notebook:~$ mkdir bv_training_project
harsh@harsh-HP-Notebook:~$ mkdir bv_training_project/blog_project
harsh@harsh-HP-Notebook:~$ cd bv_training_project/
harsh@harsh-HP-Notebook:~/bv_training_project$ rm blog_project/
rm: cannot remove 'blog_project/': Is a directory
harsh@harsh-HP-Notebook:~/bv_training_project$ rm -r blog_project/
harsh@harsh-HP-Notebook:~/bv_training_project$ ls
harsh@harsh-HP-Notebook:~/bv_training_project$ ls -a
.  ..
harsh@harsh-HP-Notebook:~/bv_training_project$ ruby --version
ruby 2.7.0p0 (2019-12-25 revision 647ee6f091) [x86_64-linux-gnu]
harsh@harsh-HP-Notebook:~/bv_training_project$ node --version
v10.19.0
harsh@harsh-HP-Notebook:~/bv_training_project$ yarn --version\
> ^C
harsh@harsh-HP-Notebook:~/bv_training_project$ yarn --version
1.22.10
harsh@harsh-HP-Notebook:~/bv_training_project$ rails -version
Usage:
  rails new APP_PATH [options]

Options:
      [--skip-namespace], [--no-skip-namespace]              # Skip namespace (affects only isolated engines)
      [--skip-collision-check], [--no-skip-collision-check]  # Skip collision check
  -r, [--ruby=PATH]                                          # Path to the Ruby binary of your choice
                                                             # Default: /usr/bin/ruby
  -m, [--template=TEMPLATE]                                  # Path to some application template (can be a filesystem path or URL)
  -d, [--database=DATABASE]                                  # Preconfigure for selected database (options: mysql/postgresql/sqlite3/oracle/sqlserver/jdbcmysql/jdbcsqlite3/jdbcpostgresql/jdbc)
                                                             # Default: sqlite3
      [--skip-gemfile], [--no-skip-gemfile]                  # Don't create a Gemfile
  -G, [--skip-git], [--no-skip-git]                          # Skip .gitignore file
      [--skip-keeps], [--no-skip-keeps]                      # Skip source control .keep files
  -M, [--skip-action-mailer], [--no-skip-action-mailer]      # Skip Action Mailer files
      [--skip-action-mailbox], [--no-skip-action-mailbox]    # Skip Action Mailbox gem
      [--skip-action-text], [--no-skip-action-text]          # Skip Action Text gem
  -O, [--skip-active-record], [--no-skip-active-record]      # Skip Active Record files
      [--skip-active-job], [--no-skip-active-job]            # Skip Active Job
      [--skip-active-storage], [--no-skip-active-storage]    # Skip Active Storage files
  -P, [--skip-puma], [--no-skip-puma]                        # Skip Puma related files
  -C, [--skip-action-cable], [--no-skip-action-cable]        # Skip Action Cable files
  -S, [--skip-sprockets], [--no-skip-sprockets]              # Skip Sprockets files
      [--skip-spring], [--no-skip-spring]                    # Don't install Spring application preloader
      [--skip-listen], [--no-skip-listen]                    # Don't generate configuration that depends on the listen gem
  -J, [--skip-javascript], [--no-skip-javascript]            # Skip JavaScript files
      [--skip-turbolinks], [--no-skip-turbolinks]            # Skip turbolinks gem
      [--skip-jbuilder], [--no-skip-jbuilder]                # Skip jbuilder gem
  -T, [--skip-test], [--no-skip-test]                        # Skip test files
      [--skip-system-test], [--no-skip-system-test]          # Skip system test files
      [--skip-bootsnap], [--no-skip-bootsnap]                # Skip bootsnap gem
      [--dev], [--no-dev]                                    # Set up the application with Gemfile pointing to your Rails checkout
      [--edge], [--no-edge]                                  # Set up the application with Gemfile pointing to Rails repository
      [--master], [--no-master]                              # Set up the application with Gemfile pointing to Rails repository main branch
      [--rc=RC]                                              # Path to file containing extra configuration options for rails command
      [--no-rc], [--no-no-rc]                                # Skip loading of extra configuration options from .railsrc file
      [--api], [--no-api]                                    # Preconfigure smaller stack for API only apps
      [--minimal], [--no-minimal]                            # Preconfigure a minimal rails app
  -B, [--skip-bundle], [--no-skip-bundle]                    # Don't run bundle install
  --webpacker, [--webpack=WEBPACK]                           # Preconfigure Webpack with a particular framework (options: react, vue, angular, elm, stimulus)
      [--skip-webpack-install], [--no-skip-webpack-install]  # Don't run Webpack install

Runtime options:
  -f, [--force]                    # Overwrite files that already exist
  -p, [--pretend], [--no-pretend]  # Run but do not make any changes
  -q, [--quiet], [--no-quiet]      # Suppress status output
  -s, [--skip], [--no-skip]        # Skip files that already exist

Rails options:
  -h, [--help], [--no-help]        # Show this help message and quit
  -v, [--version], [--no-version]  # Show Rails version number and quit

Description:
    The 'rails new' command creates a new Rails application with a default
    directory structure and configuration at the path you specify.

    You can specify extra command-line arguments to be used every time
    'rails new' runs in the .railsrc configuration file in your home directory,
    or in $XDG_CONFIG_HOME/rails/railsrc if XDG_CONFIG_HOME is set.

    Note that the arguments specified in the .railsrc file don't affect the
    defaults values shown above in this help message.

Example:
    rails new ~/Code/Ruby/weblog

    This generates a skeletal Rails installation in ~/Code/Ruby/weblog.
harsh@harsh-HP-Notebook:~/bv_training_project$ rails --version
Rails 6.1.3.2
harsh@harsh-HP-Notebook:~/bv_training_project$ rails new blog_project
      create  
      create  README.md
      create  Rakefile
      create  .ruby-version
      create  config.ru
      create  .gitignore
      create  .gitattributes
      create  Gemfile
         run  git init from "."
Initialized empty Git repository in /home/harsh/bv_training_project/blog_project/.git/
      create  package.json
      create  app
      create  app/assets/config/manifest.js
      create  app/assets/stylesheets/application.css
      create  app/channels/application_cable/channel.rb
      create  app/channels/application_cable/connection.rb
      create  app/controllers/application_controller.rb
      create  app/helpers/application_helper.rb
      create  app/javascript/channels/consumer.js
      create  app/javascript/channels/index.js
      create  app/javascript/packs/application.js
      create  app/jobs/application_job.rb
      create  app/mailers/application_mailer.rb
      create  app/models/application_record.rb
      create  app/views/layouts/application.html.erb
      create  app/views/layouts/mailer.html.erb
      create  app/views/layouts/mailer.text.erb
      create  app/assets/images
      create  app/assets/images/.keep
      create  app/controllers/concerns/.keep
      create  app/models/concerns/.keep
      create  bin
      create  bin/rails
      create  bin/rake
      create  bin/setup
      create  bin/spring
      create  bin/yarn
      create  config
      create  config/routes.rb
      create  config/application.rb
      create  config/environment.rb
      create  config/cable.yml
      create  config/puma.rb
      create  config/spring.rb
      create  config/storage.yml
      create  config/environments
      create  config/environments/development.rb
      create  config/environments/production.rb
      create  config/environments/test.rb
      create  config/initializers
      create  config/initializers/application_controller_renderer.rb
      create  config/initializers/assets.rb
      create  config/initializers/backtrace_silencers.rb
      create  config/initializers/content_security_policy.rb
      create  config/initializers/cookies_serializer.rb
      create  config/initializers/cors.rb
      create  config/initializers/filter_parameter_logging.rb
      create  config/initializers/inflections.rb
      create  config/initializers/mime_types.rb
      create  config/initializers/new_framework_defaults_6_1.rb
      create  config/initializers/permissions_policy.rb
      create  config/initializers/wrap_parameters.rb
      create  config/locales
      create  config/locales/en.yml
      create  config/master.key
      append  .gitignore
      create  config/boot.rb
      create  config/database.yml
      create  db
      create  db/seeds.rb
      create  lib
      create  lib/tasks
      create  lib/tasks/.keep
      create  lib/assets
      create  lib/assets/.keep
      create  log
      create  log/.keep
      create  public
      create  public/404.html
      create  public/422.html
      create  public/500.html
      create  public/apple-touch-icon-precomposed.png
      create  public/apple-touch-icon.png
      create  public/favicon.ico
      create  public/robots.txt
      create  tmp
      create  tmp/.keep
      create  tmp/pids
      create  tmp/pids/.keep
      create  tmp/cache
      create  tmp/cache/assets
      create  vendor
      create  vendor/.keep
      create  test/fixtures/files
      create  test/fixtures/files/.keep
      create  test/controllers
      create  test/controllers/.keep
      create  test/mailers
      create  test/mailers/.keep
      create  test/models
      create  test/models/.keep
      create  test/helpers
      create  test/helpers/.keep
      create  test/integration
      create  test/integration/.keep
      create  test/channels/application_cable/connection_test.rb
      create  test/test_helper.rb
      create  test/system
      create  test/system/.keep
      create  test/application_system_test_case.rb
      create  storage
      create  storage/.keep
      create  tmp/storage
      create  tmp/storage/.keep
      remove  config/initializers/cors.rb
      remove  config/initializers/new_framework_defaults_6_1.rb
         run  bundle install
The dependency tzinfo-data (>= 0) will be unused by any of the platforms Bundler is installing for. Bundler is installing for ruby but the dependency is only for x86-mingw32, x86-mswin32, x64-mingw32, java. To add those platforms to the bundle, run `bundle lock --add-platform x86-mingw32 x86-mswin32 x64-mingw32 java`.
Fetching gem metadata from https://rubygems.org/............
Fetching gem metadata from https://rubygems.org/.
Resolving dependencies...
Using rake 13.0.3
Following files may not be writable, so sudo is needed:
  /usr/local/bin
  /var/lib/gems/2.7.0
  /var/lib/gems/2.7.0/build_info
  /var/lib/gems/2.7.0/cache
  /var/lib/gems/2.7.0/doc
  /var/lib/gems/2.7.0/extensions
  /var/lib/gems/2.7.0/gems
  /var/lib/gems/2.7.0/specifications
Fetching concurrent-ruby 1.1.9


Your user account isn't allowed to install to the system RubyGems.
  You can cancel this installation and run:

      bundle install --path vendor/bundle

  to install the gems into ./vendor/bundle/, or you can enter your password
  and install the bundled gems to RubyGems using sudo.

  Password: 


Your user account isn't allowed to install to the system RubyGems.
  You can cancel this installation and run:

      bundle install --path vendor/bundle

  to install the gems into ./vendor/bundle/, or you can enter your password
  and install the bundled gems to RubyGems using sudo.

  Password: 
Installing concurrent-ruby 1.1.9
Using i18n 1.8.10
Using minitest 5.14.4
Using tzinfo 2.0.4
Using zeitwerk 2.4.2
Using activesupport 6.1.3.2
Using builder 3.2.4
Using erubi 1.10.0
Using mini_portile2 2.5.3
Using racc 1.5.2
Using nokogiri 1.11.7 (x86_64-linux)
Using rails-dom-testing 2.0.3
Using crass 1.0.6
Using loofah 2.9.1
Using rails-html-sanitizer 1.3.0
Using actionview 6.1.3.2
Using rack 2.2.3
Using rack-test 1.1.0
Using actionpack 6.1.3.2
Using nio4r 2.5.7
Using websocket-extensions 0.1.5
Using websocket-driver 0.7.4
Using actioncable 6.1.3.2
Using globalid 0.4.2
Using activejob 6.1.3.2
Using activemodel 6.1.3.2
Using activerecord 6.1.3.2
Using marcel 1.0.1
Using mini_mime 1.0.3
Using activestorage 6.1.3.2
Using mail 2.7.1
Using actionmailbox 6.1.3.2
Using actionmailer 6.1.3.2
Using actiontext 6.1.3.2
Using public_suffix 4.0.6
Using addressable 2.7.0
Using bindex 0.8.1
Using msgpack 1.4.2
Using bootsnap 1.7.5
Using bundler 2.1.4
Using byebug 11.1.3
Using regexp_parser 2.1.1
Using xpath 3.2.0
Using capybara 3.35.3
Using childprocess 3.0.0
Using ffi 1.15.1
Using jbuilder 2.11.2
Using rb-fsevent 0.11.0
Using rb-inotify 0.10.1
Using listen 3.5.1
Using method_source 1.0.0
Using puma 5.3.2
Using rack-mini-profiler 2.3.2
Using rack-proxy 0.7.0
Using thor 1.1.0
Using railties 6.1.3.2
Using sprockets 4.0.2
Using sprockets-rails 3.2.2
Using rails 6.1.3.2
Using rubyzip 2.3.0
Using sassc 2.4.0
Using tilt 2.0.10
Using sassc-rails 2.1.2
Using sass-rails 6.0.0
Using selenium-webdriver 3.142.7
Using semantic_range 3.0.0
Using spring 2.1.1
Using sqlite3 1.4.2
Using turbolinks-source 5.2.0
Using turbolinks 5.2.1
Using web-console 4.1.0
Using webdrivers 4.6.0
Using webpacker 5.4.0
Bundle complete! 17 Gemfile dependencies, 74 gems now installed.
Use `bundle info [gemname]` to see where a bundled gem is installed.
         run  bundle binstubs bundler
The dependency tzinfo-data (>= 0) will be unused by any of the platforms Bundler is installing for. Bundler is installing for ruby but the dependency is only for x86-mingw32, x86-mswin32, x64-mingw32, java. To add those platforms to the bundle, run `bundle lock --add-platform x86-mingw32 x86-mswin32 x64-mingw32 java`.
       rails  webpacker:install
rails aborted!
TypeError: superclass mismatch for class Command
/var/lib/gems/2.7.0/gems/thor-1.1.0/lib/thor/command.rb:2:in `<class:Thor>'
/var/lib/gems/2.7.0/gems/thor-1.1.0/lib/thor/command.rb:1:in `<main>'
/var/lib/gems/2.7.0/gems/bootsnap-1.7.5/lib/bootsnap/load_path_cache/core_ext/kernel_require.rb:23:in `require'
/var/lib/gems/2.7.0/gems/bootsnap-1.7.5/lib/bootsnap/load_path_cache/core_ext/kernel_require.rb:23:in `block in require_with_bootsnap_lfi'
/var/lib/gems/2.7.0/gems/bootsnap-1.7.5/lib/bootsnap/load_path_cache/loaded_features_index.rb:92:in `register'
/var/lib/gems/2.7.0/gems/bootsnap-1.7.5/lib/bootsnap/load_path_cache/core_ext/kernel_require.rb:22:in `require_with_bootsnap_lfi'
/var/lib/gems/2.7.0/gems/bootsnap-1.7.5/lib/bootsnap/load_path_cache/core_ext/kernel_require.rb:31:in `require'
/var/lib/gems/2.7.0/gems/zeitwerk-2.4.2/lib/zeitwerk/kernel.rb:34:in `require'
/var/lib/gems/2.7.0/gems/activesupport-6.1.3.2/lib/active_support/dependencies.rb:332:in `block in require'
/var/lib/gems/2.7.0/gems/activesupport-6.1.3.2/lib/active_support/dependencies.rb:299:in `load_dependency'
/var/lib/gems/2.7.0/gems/activesupport-6.1.3.2/lib/active_support/dependencies.rb:332:in `require'
/var/lib/gems/2.7.0/gems/bootsnap-1.7.5/lib/bootsnap/load_path_cache/core_ext/kernel_require.rb:53:in `require_relative'
/var/lib/gems/2.7.0/gems/thor-1.1.0/lib/thor/base.rb:1:in `<main>'
/var/lib/gems/2.7.0/gems/bootsnap-1.7.5/lib/bootsnap/load_path_cache/core_ext/kernel_require.rb:23:in `require'
/var/lib/gems/2.7.0/gems/bootsnap-1.7.5/lib/bootsnap/load_path_cache/core_ext/kernel_require.rb:23:in `block in require_with_bootsnap_lfi'
/var/lib/gems/2.7.0/gems/bootsnap-1.7.5/lib/bootsnap/load_path_cache/loaded_features_index.rb:92:in `register'
/var/lib/gems/2.7.0/gems/bootsnap-1.7.5/lib/bootsnap/load_path_cache/core_ext/kernel_require.rb:22:in `require_with_bootsnap_lfi'
/var/lib/gems/2.7.0/gems/bootsnap-1.7.5/lib/bootsnap/load_path_cache/core_ext/kernel_require.rb:31:in `require'
/var/lib/gems/2.7.0/gems/zeitwerk-2.4.2/lib/zeitwerk/kernel.rb:34:in `require'
/var/lib/gems/2.7.0/gems/activesupport-6.1.3.2/lib/active_support/dependencies.rb:332:in `block in require'
/var/lib/gems/2.7.0/gems/activesupport-6.1.3.2/lib/active_support/dependencies.rb:299:in `load_dependency'
/var/lib/gems/2.7.0/gems/activesupport-6.1.3.2/lib/active_support/dependencies.rb:332:in `require'
/var/lib/gems/2.7.0/gems/bootsnap-1.7.5/lib/bootsnap/load_path_cache/core_ext/kernel_require.rb:53:in `require_relative'
/var/lib/gems/2.7.0/gems/thor-1.1.0/lib/thor/group.rb:1:in `<main>'
/var/lib/gems/2.7.0/gems/bootsnap-1.7.5/lib/bootsnap/load_path_cache/core_ext/kernel_require.rb:23:in `require'
/var/lib/gems/2.7.0/gems/bootsnap-1.7.5/lib/bootsnap/load_path_cache/core_ext/kernel_require.rb:23:in `block in require_with_bootsnap_lfi'
/var/lib/gems/2.7.0/gems/bootsnap-1.7.5/lib/bootsnap/load_path_cache/loaded_features_index.rb:92:in `register'
/var/lib/gems/2.7.0/gems/bootsnap-1.7.5/lib/bootsnap/load_path_cache/core_ext/kernel_require.rb:22:in `require_with_bootsnap_lfi'
/var/lib/gems/2.7.0/gems/bootsnap-1.7.5/lib/bootsnap/load_path_cache/core_ext/kernel_require.rb:31:in `require'
/var/lib/gems/2.7.0/gems/zeitwerk-2.4.2/lib/zeitwerk/kernel.rb:34:in `require'
/var/lib/gems/2.7.0/gems/activesupport-6.1.3.2/lib/active_support/dependencies.rb:332:in `block in require'
/var/lib/gems/2.7.0/gems/activesupport-6.1.3.2/lib/active_support/dependencies.rb:299:in `load_dependency'
/var/lib/gems/2.7.0/gems/activesupport-6.1.3.2/lib/active_support/dependencies.rb:332:in `require'
/var/lib/gems/2.7.0/gems/railties-6.1.3.2/lib/rails/generators.rb:6:in `<main>'
/var/lib/gems/2.7.0/gems/bootsnap-1.7.5/lib/bootsnap/load_path_cache/core_ext/kernel_require.rb:23:in `require'
/var/lib/gems/2.7.0/gems/bootsnap-1.7.5/lib/bootsnap/load_path_cache/core_ext/kernel_require.rb:23:in `block in require_with_bootsnap_lfi'
/var/lib/gems/2.7.0/gems/bootsnap-1.7.5/lib/bootsnap/load_path_cache/loaded_features_index.rb:92:in `register'
/var/lib/gems/2.7.0/gems/bootsnap-1.7.5/lib/bootsnap/load_path_cache/core_ext/kernel_require.rb:22:in `require_with_bootsnap_lfi'
/var/lib/gems/2.7.0/gems/bootsnap-1.7.5/lib/bootsnap/load_path_cache/core_ext/kernel_require.rb:31:in `require'
/var/lib/gems/2.7.0/gems/zeitwerk-2.4.2/lib/zeitwerk/kernel.rb:34:in `require'
/var/lib/gems/2.7.0/gems/activesupport-6.1.3.2/lib/active_support/dependencies.rb:332:in `block in require'
/var/lib/gems/2.7.0/gems/activesupport-6.1.3.2/lib/active_support/dependencies.rb:299:in `load_dependency'
/var/lib/gems/2.7.0/gems/activesupport-6.1.3.2/lib/active_support/dependencies.rb:332:in `require'
/var/lib/gems/2.7.0/gems/railties-6.1.3.2/lib/rails/app_updater.rb:3:in `<main>'
/var/lib/gems/2.7.0/gems/bootsnap-1.7.5/lib/bootsnap/load_path_cache/core_ext/kernel_require.rb:23:in `require'
/var/lib/gems/2.7.0/gems/bootsnap-1.7.5/lib/bootsnap/load_path_cache/core_ext/kernel_require.rb:23:in `block in require_with_bootsnap_lfi'
/var/lib/gems/2.7.0/gems/bootsnap-1.7.5/lib/bootsnap/load_path_cache/loaded_features_index.rb:92:in `register'
/var/lib/gems/2.7.0/gems/bootsnap-1.7.5/lib/bootsnap/load_path_cache/core_ext/kernel_require.rb:22:in `require_with_bootsnap_lfi'
/var/lib/gems/2.7.0/gems/bootsnap-1.7.5/lib/bootsnap/load_path_cache/core_ext/kernel_require.rb:31:in `require'
/var/lib/gems/2.7.0/gems/zeitwerk-2.4.2/lib/zeitwerk/kernel.rb:34:in `require'
/var/lib/gems/2.7.0/gems/activesupport-6.1.3.2/lib/active_support/dependencies.rb:332:in `block in require'
/var/lib/gems/2.7.0/gems/activesupport-6.1.3.2/lib/active_support/dependencies.rb:299:in `load_dependency'
/var/lib/gems/2.7.0/gems/activesupport-6.1.3.2/lib/active_support/dependencies.rb:332:in `require'
/var/lib/gems/2.7.0/gems/railties-6.1.3.2/lib/rails/tasks/framework.rake:41:in `block (2 levels) in <main>'
/var/lib/gems/2.7.0/gems/railties-6.1.3.2/lib/rails/tasks/framework.rake:40:in `block in <main>'
/var/lib/gems/2.7.0/gems/railties-6.1.3.2/lib/rails/tasks/framework.rake:3:in `<main>'
/var/lib/gems/2.7.0/gems/bootsnap-1.7.5/lib/bootsnap/load_path_cache/core_ext/kernel_require.rb:77:in `load'
/var/lib/gems/2.7.0/gems/bootsnap-1.7.5/lib/bootsnap/load_path_cache/core_ext/kernel_require.rb:77:in `load'
/var/lib/gems/2.7.0/gems/activesupport-6.1.3.2/lib/active_support/dependencies.rb:326:in `block in load'
/var/lib/gems/2.7.0/gems/activesupport-6.1.3.2/lib/active_support/dependencies.rb:299:in `load_dependency'
/var/lib/gems/2.7.0/gems/activesupport-6.1.3.2/lib/active_support/dependencies.rb:326:in `load'
/var/lib/gems/2.7.0/gems/railties-6.1.3.2/lib/rails/tasks.rb:18:in `block in <main>'
/var/lib/gems/2.7.0/gems/railties-6.1.3.2/lib/rails/tasks.rb:17:in `each'
/var/lib/gems/2.7.0/gems/railties-6.1.3.2/lib/rails/tasks.rb:17:in `<main>'
/var/lib/gems/2.7.0/gems/bootsnap-1.7.5/lib/bootsnap/load_path_cache/core_ext/kernel_require.rb:59:in `load'
/var/lib/gems/2.7.0/gems/bootsnap-1.7.5/lib/bootsnap/load_path_cache/core_ext/kernel_require.rb:59:in `load'
/var/lib/gems/2.7.0/gems/activesupport-6.1.3.2/lib/active_support/dependencies.rb:326:in `block in load'
/var/lib/gems/2.7.0/gems/activesupport-6.1.3.2/lib/active_support/dependencies.rb:299:in `load_dependency'
/var/lib/gems/2.7.0/gems/activesupport-6.1.3.2/lib/active_support/dependencies.rb:326:in `load'
/var/lib/gems/2.7.0/gems/railties-6.1.3.2/lib/rails/application.rb:522:in `run_tasks_blocks'
/var/lib/gems/2.7.0/gems/railties-6.1.3.2/lib/rails/engine.rb:464:in `load_tasks'
/home/harsh/bv_training_project/blog_project/Rakefile:6:in `<main>'
/var/lib/gems/2.7.0/gems/bootsnap-1.7.5/lib/bootsnap/load_path_cache/core_ext/kernel_require.rb:59:in `load'
/var/lib/gems/2.7.0/gems/bootsnap-1.7.5/lib/bootsnap/load_path_cache/core_ext/kernel_require.rb:59:in `load'
/var/lib/gems/2.7.0/gems/railties-6.1.3.2/lib/rails/commands/rake/rake_command.rb:20:in `block in perform'
/var/lib/gems/2.7.0/gems/railties-6.1.3.2/lib/rails/commands/rake/rake_command.rb:18:in `perform'
/var/lib/gems/2.7.0/gems/railties-6.1.3.2/lib/rails/command.rb:52:in `invoke'
/var/lib/gems/2.7.0/gems/railties-6.1.3.2/lib/rails/commands.rb:18:in `<main>'
/var/lib/gems/2.7.0/gems/bootsnap-1.7.5/lib/bootsnap/load_path_cache/core_ext/kernel_require.rb:23:in `require'
/var/lib/gems/2.7.0/gems/bootsnap-1.7.5/lib/bootsnap/load_path_cache/core_ext/kernel_require.rb:23:in `block in require_with_bootsnap_lfi'
/var/lib/gems/2.7.0/gems/bootsnap-1.7.5/lib/bootsnap/load_path_cache/loaded_features_index.rb:92:in `register'
/var/lib/gems/2.7.0/gems/bootsnap-1.7.5/lib/bootsnap/load_path_cache/core_ext/kernel_require.rb:22:in `require_with_bootsnap_lfi'
/var/lib/gems/2.7.0/gems/bootsnap-1.7.5/lib/bootsnap/load_path_cache/core_ext/kernel_require.rb:31:in `require'
/home/harsh/bv_training_project/blog_project/bin/rails:5:in `<top (required)>'
/var/lib/gems/2.7.0/gems/spring-2.1.1/lib/spring/client/rails.rb:28:in `load'
/var/lib/gems/2.7.0/gems/spring-2.1.1/lib/spring/client/rails.rb:28:in `call'
/var/lib/gems/2.7.0/gems/spring-2.1.1/lib/spring/client/command.rb:7:in `call'
/var/lib/gems/2.7.0/gems/spring-2.1.1/lib/spring/client.rb:30:in `run'
/var/lib/gems/2.7.0/gems/spring-2.1.1/bin/spring:49:in `<top (required)>'
/var/lib/gems/2.7.0/gems/spring-2.1.1/lib/spring/binstub.rb:11:in `load'
/var/lib/gems/2.7.0/gems/spring-2.1.1/lib/spring/binstub.rb:11:in `<top (required)>'
/home/harsh/bv_training_project/blog_project/bin/spring:10:in `block in <top (required)>'
/home/harsh/bv_training_project/blog_project/bin/spring:7:in `tap'
/home/harsh/bv_training_project/blog_project/bin/spring:7:in `<top (required)>'
bin/rails:2:in `load'
bin/rails:2:in `<main>'
(See full trace by running task with --trace)
harsh@harsh-HP-Notebook:~/bv_training_project$ ls
blog_project
harsh@harsh-HP-Notebook:~/bv_training_project$ cd blog_project/
harsh@harsh-HP-Notebook:~/bv_training_project/blog_project$ ls
app     config.ru  Gemfile.lock  package.json  README.md  tmp
bin     db         lib           public        storage    vendor
config  Gemfile    log           Rakefile      test
harsh@harsh-HP-Notebook:~/bv_training_project/blog_project$ vim
harsh@harsh-HP-Notebook:~/bv_training_project/blog_project$ rm Gemfile.lock
harsh@harsh-HP-Notebook:~/bv_training_project/blog_project$ bundle install

[!] There was an error parsing `Gemfile`: syntax error, unexpected string literal, expecting `do' or '{' or '(' - gem 'sqlite3', '~> 1.4'
    ^
/home/harsh/bv_training_project/blog_project/Gemfile:10: syntax error, unexpected ',', expecting end-of-input
gem 'sqlite3', '~> 1.4'
             ^
. Bundler cannot continue.

 #  from /home/harsh/bv_training_project/blog_project/Gemfile:10
 #  -------------------------------------------
 #  # Use sqlite3 as the database for Active Record
 >  gem 'sqlite3', '~> 1.4'
 #  # Use Puma as the app server
 #  -------------------------------------------
harsh@harsh-HP-Notebook:~/bv_training_project/blog_project$ vim
harsh@harsh-HP-Notebook:~/bv_training_project/blog_project$ bundle install
The dependency tzinfo-data (>= 0) will be unused by any of the platforms Bundler is installing for. Bundler is installing for ruby but the dependency is only for x86-mingw32, x86-mswin32, x64-mingw32, java. To add those platforms to the bundle, run `bundle lock --add-platform x86-mingw32 x86-mswin32 x64-mingw32 java`.
Fetching gem metadata from https://rubygems.org/............
Fetching gem metadata from https://rubygems.org/.
Resolving dependencies...
Using rake 13.0.3
Following files may not be writable, so sudo is needed:
  /usr/local/bin
  /var/lib/gems/2.7.0
  /var/lib/gems/2.7.0/build_info
  /var/lib/gems/2.7.0/cache
  /var/lib/gems/2.7.0/doc
  /var/lib/gems/2.7.0/extensions
  /var/lib/gems/2.7.0/gems
  /var/lib/gems/2.7.0/specifications
Using concurrent-ruby 1.1.9
Using i18n 1.8.10
Using minitest 5.14.4
Using tzinfo 2.0.4
Using zeitwerk 2.4.2
Using activesupport 6.1.3.2
Using builder 3.2.4
Using erubi 1.10.0
Using mini_portile2 2.5.3
Using racc 1.5.2
Using nokogiri 1.11.7 (x86_64-linux)
Using rails-dom-testing 2.0.3
Using crass 1.0.6
Using loofah 2.9.1
Using rails-html-sanitizer 1.3.0
Using actionview 6.1.3.2
Using rack 2.2.3
Using rack-test 1.1.0
Using actionpack 6.1.3.2
Using nio4r 2.5.7
Using websocket-extensions 0.1.5
Using websocket-driver 0.7.4
Using actioncable 6.1.3.2
Using globalid 0.4.2
Using activejob 6.1.3.2
Using activemodel 6.1.3.2
Using activerecord 6.1.3.2
Using marcel 1.0.1
Using mini_mime 1.0.3
Using activestorage 6.1.3.2
Using mail 2.7.1
Using actionmailbox 6.1.3.2
Using actionmailer 6.1.3.2
Using actiontext 6.1.3.2
Using public_suffix 4.0.6
Using addressable 2.7.0
Using bindex 0.8.1
Using msgpack 1.4.2
Using bootsnap 1.7.5
Using bundler 2.1.4
Using byebug 11.1.3
Using regexp_parser 2.1.1
Using xpath 3.2.0
Using capybara 3.35.3
Using childprocess 3.0.0
Using ffi 1.15.1
Using jbuilder 2.11.2
Using rb-fsevent 0.11.0
Using rb-inotify 0.10.1
Using listen 3.5.1
Using method_source 1.0.0
Using puma 5.3.2
Using rack-mini-profiler 2.3.2
Using rack-proxy 0.7.0
Using thor 1.1.0
Using railties 6.1.3.2
Using sprockets 4.0.2
Using sprockets-rails 3.2.2
Using rails 6.1.3.2
Using rubyzip 2.3.0
Using sassc 2.4.0
Using tilt 2.0.10
Using sassc-rails 2.1.2
Using sass-rails 6.0.0
Using selenium-webdriver 3.142.7
Using semantic_range 3.0.0
Using spring 2.1.1
Using sqlite3 1.4.2
Using turbolinks-source 5.2.0
Using turbolinks 5.2.1
Using web-console 4.1.0
Using webdrivers 4.6.0
Using webpacker 5.4.0
Bundle complete! 18 Gemfile dependencies, 74 gems now installed.
Use `bundle info [gemname]` to see where a bundled gem is installed.
harsh@harsh-HP-Notebook:~/bv_training_project/blog_project$ run webpacker:install

Command 'run' not found, did you mean:

  command 'srun' from snap slurm (20.02.1)
  command 'grun' from deb grun (0.9.3-2)
  command 'runc' from deb runc (1.0.0~rc93-0ubuntu1~20.04.2)
  command 'zrun' from deb moreutils (0.63-1)
  command 'srun' from deb slurm-client (19.05.5-1)
  command 'rn' from deb trn4 (4.0-test77-12)
  command 'runq' from deb exim4-daemon-heavy (4.93-13ubuntu1.5)
  command 'runq' from deb exim4-daemon-light (4.93-13ubuntu1.5)
  command 'runq' from deb sendmail-bin (8.15.2-18)
  command 'rup' from deb rstat-client (4.0.1-9)
  command 'zun' from deb python3-zunclient (4.0.0-0ubuntu1)
  command 'crun' from deb crun (0.12.1+dfsg-1)

See 'snap info <snapname>' for additional versions.

harsh@harsh-HP-Notebook:~/bv_training_project/blog_project$ rails webpacker:install
rails aborted!
TypeError: superclass mismatch for class Command
/var/lib/gems/2.7.0/gems/thor-1.1.0/lib/thor/command.rb:2:in `<class:Thor>'
/var/lib/gems/2.7.0/gems/thor-1.1.0/lib/thor/command.rb:1:in `<main>'
/var/lib/gems/2.7.0/gems/bootsnap-1.7.5/lib/bootsnap/load_path_cache/core_ext/kernel_require.rb:23:in `require'
/var/lib/gems/2.7.0/gems/bootsnap-1.7.5/lib/bootsnap/load_path_cache/core_ext/kernel_require.rb:23:in `block in require_with_bootsnap_lfi'
/var/lib/gems/2.7.0/gems/bootsnap-1.7.5/lib/bootsnap/load_path_cache/loaded_features_index.rb:92:in `register'
/var/lib/gems/2.7.0/gems/bootsnap-1.7.5/lib/bootsnap/load_path_cache/core_ext/kernel_require.rb:22:in `require_with_bootsnap_lfi'
/var/lib/gems/2.7.0/gems/bootsnap-1.7.5/lib/bootsnap/load_path_cache/core_ext/kernel_require.rb:31:in `require'
/var/lib/gems/2.7.0/gems/zeitwerk-2.4.2/lib/zeitwerk/kernel.rb:34:in `require'
/var/lib/gems/2.7.0/gems/activesupport-6.1.3.2/lib/active_support/dependencies.rb:332:in `block in require'
/var/lib/gems/2.7.0/gems/activesupport-6.1.3.2/lib/active_support/dependencies.rb:299:in `load_dependency'
/var/lib/gems/2.7.0/gems/activesupport-6.1.3.2/lib/active_support/dependencies.rb:332:in `require'
/var/lib/gems/2.7.0/gems/bootsnap-1.7.5/lib/bootsnap/load_path_cache/core_ext/kernel_require.rb:53:in `require_relative'
/var/lib/gems/2.7.0/gems/thor-1.1.0/lib/thor/base.rb:1:in `<main>'
/var/lib/gems/2.7.0/gems/bootsnap-1.7.5/lib/bootsnap/load_path_cache/core_ext/kernel_require.rb:23:in `require'
/var/lib/gems/2.7.0/gems/bootsnap-1.7.5/lib/bootsnap/load_path_cache/core_ext/kernel_require.rb:23:in `block in require_with_bootsnap_lfi'
/var/lib/gems/2.7.0/gems/bootsnap-1.7.5/lib/bootsnap/load_path_cache/loaded_features_index.rb:92:in `register'
/var/lib/gems/2.7.0/gems/bootsnap-1.7.5/lib/bootsnap/load_path_cache/core_ext/kernel_require.rb:22:in `require_with_bootsnap_lfi'
/var/lib/gems/2.7.0/gems/bootsnap-1.7.5/lib/bootsnap/load_path_cache/core_ext/kernel_require.rb:31:in `require'
/var/lib/gems/2.7.0/gems/zeitwerk-2.4.2/lib/zeitwerk/kernel.rb:34:in `require'
/var/lib/gems/2.7.0/gems/activesupport-6.1.3.2/lib/active_support/dependencies.rb:332:in `block in require'
/var/lib/gems/2.7.0/gems/activesupport-6.1.3.2/lib/active_support/dependencies.rb:299:in `load_dependency'
/var/lib/gems/2.7.0/gems/activesupport-6.1.3.2/lib/active_support/dependencies.rb:332:in `require'
/var/lib/gems/2.7.0/gems/bootsnap-1.7.5/lib/bootsnap/load_path_cache/core_ext/kernel_require.rb:53:in `require_relative'
/var/lib/gems/2.7.0/gems/thor-1.1.0/lib/thor/group.rb:1:in `<main>'
/var/lib/gems/2.7.0/gems/bootsnap-1.7.5/lib/bootsnap/load_path_cache/core_ext/kernel_require.rb:23:in `require'
/var/lib/gems/2.7.0/gems/bootsnap-1.7.5/lib/bootsnap/load_path_cache/core_ext/kernel_require.rb:23:in `block in require_with_bootsnap_lfi'
/var/lib/gems/2.7.0/gems/bootsnap-1.7.5/lib/bootsnap/load_path_cache/loaded_features_index.rb:92:in `register'
/var/lib/gems/2.7.0/gems/bootsnap-1.7.5/lib/bootsnap/load_path_cache/core_ext/kernel_require.rb:22:in `require_with_bootsnap_lfi'
/var/lib/gems/2.7.0/gems/bootsnap-1.7.5/lib/bootsnap/load_path_cache/core_ext/kernel_require.rb:31:in `require'
/var/lib/gems/2.7.0/gems/zeitwerk-2.4.2/lib/zeitwerk/kernel.rb:34:in `require'
/var/lib/gems/2.7.0/gems/activesupport-6.1.3.2/lib/active_support/dependencies.rb:332:in `block in require'
/var/lib/gems/2.7.0/gems/activesupport-6.1.3.2/lib/active_support/dependencies.rb:299:in `load_dependency'
/var/lib/gems/2.7.0/gems/activesupport-6.1.3.2/lib/active_support/dependencies.rb:332:in `require'
/var/lib/gems/2.7.0/gems/railties-6.1.3.2/lib/rails/generators.rb:6:in `<main>'
/var/lib/gems/2.7.0/gems/bootsnap-1.7.5/lib/bootsnap/load_path_cache/core_ext/kernel_require.rb:23:in `require'
/var/lib/gems/2.7.0/gems/bootsnap-1.7.5/lib/bootsnap/load_path_cache/core_ext/kernel_require.rb:23:in `block in require_with_bootsnap_lfi'
/var/lib/gems/2.7.0/gems/bootsnap-1.7.5/lib/bootsnap/load_path_cache/loaded_features_index.rb:92:in `register'
/var/lib/gems/2.7.0/gems/bootsnap-1.7.5/lib/bootsnap/load_path_cache/core_ext/kernel_require.rb:22:in `require_with_bootsnap_lfi'
/var/lib/gems/2.7.0/gems/bootsnap-1.7.5/lib/bootsnap/load_path_cache/core_ext/kernel_require.rb:31:in `require'
/var/lib/gems/2.7.0/gems/zeitwerk-2.4.2/lib/zeitwerk/kernel.rb:34:in `require'
/var/lib/gems/2.7.0/gems/activesupport-6.1.3.2/lib/active_support/dependencies.rb:332:in `block in require'
/var/lib/gems/2.7.0/gems/activesupport-6.1.3.2/lib/active_support/dependencies.rb:299:in `load_dependency'
/var/lib/gems/2.7.0/gems/activesupport-6.1.3.2/lib/active_support/dependencies.rb:332:in `require'
/var/lib/gems/2.7.0/gems/railties-6.1.3.2/lib/rails/app_updater.rb:3:in `<main>'
/var/lib/gems/2.7.0/gems/bootsnap-1.7.5/lib/bootsnap/load_path_cache/core_ext/kernel_require.rb:23:in `require'
/var/lib/gems/2.7.0/gems/bootsnap-1.7.5/lib/bootsnap/load_path_cache/core_ext/kernel_require.rb:23:in `block in require_with_bootsnap_lfi'
/var/lib/gems/2.7.0/gems/bootsnap-1.7.5/lib/bootsnap/load_path_cache/loaded_features_index.rb:92:in `register'
/var/lib/gems/2.7.0/gems/bootsnap-1.7.5/lib/bootsnap/load_path_cache/core_ext/kernel_require.rb:22:in `require_with_bootsnap_lfi'
/var/lib/gems/2.7.0/gems/bootsnap-1.7.5/lib/bootsnap/load_path_cache/core_ext/kernel_require.rb:31:in `require'
/var/lib/gems/2.7.0/gems/zeitwerk-2.4.2/lib/zeitwerk/kernel.rb:34:in `require'
/var/lib/gems/2.7.0/gems/activesupport-6.1.3.2/lib/active_support/dependencies.rb:332:in `block in require'
/var/lib/gems/2.7.0/gems/activesupport-6.1.3.2/lib/active_support/dependencies.rb:299:in `load_dependency'
/var/lib/gems/2.7.0/gems/activesupport-6.1.3.2/lib/active_support/dependencies.rb:332:in `require'
/var/lib/gems/2.7.0/gems/railties-6.1.3.2/lib/rails/tasks/framework.rake:41:in `block (2 levels) in <main>'
/var/lib/gems/2.7.0/gems/railties-6.1.3.2/lib/rails/tasks/framework.rake:40:in `block in <main>'
/var/lib/gems/2.7.0/gems/railties-6.1.3.2/lib/rails/tasks/framework.rake:3:in `<main>'
/var/lib/gems/2.7.0/gems/bootsnap-1.7.5/lib/bootsnap/load_path_cache/core_ext/kernel_require.rb:77:in `load'
/var/lib/gems/2.7.0/gems/bootsnap-1.7.5/lib/bootsnap/load_path_cache/core_ext/kernel_require.rb:77:in `load'
/var/lib/gems/2.7.0/gems/activesupport-6.1.3.2/lib/active_support/dependencies.rb:326:in `block in load'
/var/lib/gems/2.7.0/gems/activesupport-6.1.3.2/lib/active_support/dependencies.rb:299:in `load_dependency'
/var/lib/gems/2.7.0/gems/activesupport-6.1.3.2/lib/active_support/dependencies.rb:326:in `load'
/var/lib/gems/2.7.0/gems/railties-6.1.3.2/lib/rails/tasks.rb:18:in `block in <main>'
/var/lib/gems/2.7.0/gems/railties-6.1.3.2/lib/rails/tasks.rb:17:in `each'
/var/lib/gems/2.7.0/gems/railties-6.1.3.2/lib/rails/tasks.rb:17:in `<main>'
/var/lib/gems/2.7.0/gems/bootsnap-1.7.5/lib/bootsnap/load_path_cache/core_ext/kernel_require.rb:59:in `load'
/var/lib/gems/2.7.0/gems/bootsnap-1.7.5/lib/bootsnap/load_path_cache/core_ext/kernel_require.rb:59:in `load'
/var/lib/gems/2.7.0/gems/activesupport-6.1.3.2/lib/active_support/dependencies.rb:326:in `block in load'
/var/lib/gems/2.7.0/gems/activesupport-6.1.3.2/lib/active_support/dependencies.rb:299:in `load_dependency'
/var/lib/gems/2.7.0/gems/activesupport-6.1.3.2/lib/active_support/dependencies.rb:326:in `load'
/var/lib/gems/2.7.0/gems/railties-6.1.3.2/lib/rails/application.rb:522:in `run_tasks_blocks'
/var/lib/gems/2.7.0/gems/railties-6.1.3.2/lib/rails/engine.rb:464:in `load_tasks'
/home/harsh/bv_training_project/blog_project/Rakefile:6:in `<main>'
/var/lib/gems/2.7.0/gems/bootsnap-1.7.5/lib/bootsnap/load_path_cache/core_ext/kernel_require.rb:59:in `load'
/var/lib/gems/2.7.0/gems/bootsnap-1.7.5/lib/bootsnap/load_path_cache/core_ext/kernel_require.rb:59:in `load'
/var/lib/gems/2.7.0/gems/railties-6.1.3.2/lib/rails/commands/rake/rake_command.rb:20:in `block in perform'
/var/lib/gems/2.7.0/gems/railties-6.1.3.2/lib/rails/commands/rake/rake_command.rb:18:in `perform'
/var/lib/gems/2.7.0/gems/railties-6.1.3.2/lib/rails/command.rb:52:in `invoke'
/var/lib/gems/2.7.0/gems/railties-6.1.3.2/lib/rails/commands.rb:18:in `<main>'
/var/lib/gems/2.7.0/gems/bootsnap-1.7.5/lib/bootsnap/load_path_cache/core_ext/kernel_require.rb:23:in `require'
/var/lib/gems/2.7.0/gems/bootsnap-1.7.5/lib/bootsnap/load_path_cache/core_ext/kernel_require.rb:23:in `block in require_with_bootsnap_lfi'
/var/lib/gems/2.7.0/gems/bootsnap-1.7.5/lib/bootsnap/load_path_cache/loaded_features_index.rb:92:in `register'
/var/lib/gems/2.7.0/gems/bootsnap-1.7.5/lib/bootsnap/load_path_cache/core_ext/kernel_require.rb:22:in `require_with_bootsnap_lfi'
/var/lib/gems/2.7.0/gems/bootsnap-1.7.5/lib/bootsnap/load_path_cache/core_ext/kernel_require.rb:31:in `require'
/home/harsh/bv_training_project/blog_project/bin/rails:5:in `<top (required)>'
/var/lib/gems/2.7.0/gems/spring-2.1.1/lib/spring/client/rails.rb:28:in `load'
/var/lib/gems/2.7.0/gems/spring-2.1.1/lib/spring/client/rails.rb:28:in `call'
/var/lib/gems/2.7.0/gems/spring-2.1.1/lib/spring/client/command.rb:7:in `call'
/var/lib/gems/2.7.0/gems/spring-2.1.1/lib/spring/client.rb:30:in `run'
/var/lib/gems/2.7.0/gems/spring-2.1.1/bin/spring:49:in `<top (required)>'
/var/lib/gems/2.7.0/gems/spring-2.1.1/lib/spring/binstub.rb:11:in `load'
/var/lib/gems/2.7.0/gems/spring-2.1.1/lib/spring/binstub.rb:11:in `<top (required)>'
/home/harsh/bv_training_project/blog_project/bin/spring:10:in `block in <top (required)>'
/home/harsh/bv_training_project/blog_project/bin/spring:7:in `tap'
/home/harsh/bv_training_project/blog_project/bin/spring:7:in `<top (required)>'
bin/rails:2:in `load'
bin/rails:2:in `<main>'
(See full trace by running task with --trace)
harsh@harsh-HP-Notebook:~/bv_training_project/blog_project$ yarn install --check-files
yarn install v1.22.10
info No lockfile found.
[1/4] Resolving packages...
[2/4] Fetching packages...
[3/4] Linking dependencies...
[4/4] Building fresh packages...
success Saved lockfile.
Done in 13.29s.
harsh@harsh-HP-Notebook:~/bv_training_project/blog_project$ rails -s
rails aborted!
TypeError: superclass mismatch for class Command
/var/lib/gems/2.7.0/gems/thor-1.1.0/lib/thor/command.rb:2:in `<class:Thor>'
/var/lib/gems/2.7.0/gems/thor-1.1.0/lib/thor/command.rb:1:in `<main>'
/var/lib/gems/2.7.0/gems/bootsnap-1.7.5/lib/bootsnap/load_path_cache/core_ext/kernel_require.rb:23:in `require'
/var/lib/gems/2.7.0/gems/bootsnap-1.7.5/lib/bootsnap/load_path_cache/core_ext/kernel_require.rb:23:in `block in require_with_bootsnap_lfi'
/var/lib/gems/2.7.0/gems/bootsnap-1.7.5/lib/bootsnap/load_path_cache/loaded_features_index.rb:92:in `register'
/var/lib/gems/2.7.0/gems/bootsnap-1.7.5/lib/bootsnap/load_path_cache/core_ext/kernel_require.rb:22:in `require_with_bootsnap_lfi'
/var/lib/gems/2.7.0/gems/bootsnap-1.7.5/lib/bootsnap/load_path_cache/core_ext/kernel_require.rb:31:in `require'
/var/lib/gems/2.7.0/gems/zeitwerk-2.4.2/lib/zeitwerk/kernel.rb:34:in `require'
/var/lib/gems/2.7.0/gems/activesupport-6.1.3.2/lib/active_support/dependencies.rb:332:in `block in require'
/var/lib/gems/2.7.0/gems/activesupport-6.1.3.2/lib/active_support/dependencies.rb:299:in `load_dependency'
/var/lib/gems/2.7.0/gems/activesupport-6.1.3.2/lib/active_support/dependencies.rb:332:in `require'
/var/lib/gems/2.7.0/gems/bootsnap-1.7.5/lib/bootsnap/load_path_cache/core_ext/kernel_require.rb:53:in `require_relative'
/var/lib/gems/2.7.0/gems/thor-1.1.0/lib/thor/base.rb:1:in `<main>'
/var/lib/gems/2.7.0/gems/bootsnap-1.7.5/lib/bootsnap/load_path_cache/core_ext/kernel_require.rb:23:in `require'
/var/lib/gems/2.7.0/gems/bootsnap-1.7.5/lib/bootsnap/load_path_cache/core_ext/kernel_require.rb:23:in `block in require_with_bootsnap_lfi'
/var/lib/gems/2.7.0/gems/bootsnap-1.7.5/lib/bootsnap/load_path_cache/loaded_features_index.rb:92:in `register'
/var/lib/gems/2.7.0/gems/bootsnap-1.7.5/lib/bootsnap/load_path_cache/core_ext/kernel_require.rb:22:in `require_with_bootsnap_lfi'
/var/lib/gems/2.7.0/gems/bootsnap-1.7.5/lib/bootsnap/load_path_cache/core_ext/kernel_require.rb:31:in `require'
/var/lib/gems/2.7.0/gems/zeitwerk-2.4.2/lib/zeitwerk/kernel.rb:34:in `require'
/var/lib/gems/2.7.0/gems/activesupport-6.1.3.2/lib/active_support/dependencies.rb:332:in `block in require'
/var/lib/gems/2.7.0/gems/activesupport-6.1.3.2/lib/active_support/dependencies.rb:299:in `load_dependency'
/var/lib/gems/2.7.0/gems/activesupport-6.1.3.2/lib/active_support/dependencies.rb:332:in `require'
/var/lib/gems/2.7.0/gems/bootsnap-1.7.5/lib/bootsnap/load_path_cache/core_ext/kernel_require.rb:53:in `require_relative'
/var/lib/gems/2.7.0/gems/thor-1.1.0/lib/thor/group.rb:1:in `<main>'
/var/lib/gems/2.7.0/gems/bootsnap-1.7.5/lib/bootsnap/load_path_cache/core_ext/kernel_require.rb:23:in `require'
/var/lib/gems/2.7.0/gems/bootsnap-1.7.5/lib/bootsnap/load_path_cache/core_ext/kernel_require.rb:23:in `block in require_with_bootsnap_lfi'
/var/lib/gems/2.7.0/gems/bootsnap-1.7.5/lib/bootsnap/load_path_cache/loaded_features_index.rb:92:in `register'
/var/lib/gems/2.7.0/gems/bootsnap-1.7.5/lib/bootsnap/load_path_cache/core_ext/kernel_require.rb:22:in `require_with_bootsnap_lfi'
/var/lib/gems/2.7.0/gems/bootsnap-1.7.5/lib/bootsnap/load_path_cache/core_ext/kernel_require.rb:31:in `require'
/var/lib/gems/2.7.0/gems/zeitwerk-2.4.2/lib/zeitwerk/kernel.rb:34:in `require'
/var/lib/gems/2.7.0/gems/activesupport-6.1.3.2/lib/active_support/dependencies.rb:332:in `block in require'
/var/lib/gems/2.7.0/gems/activesupport-6.1.3.2/lib/active_support/dependencies.rb:299:in `load_dependency'
/var/lib/gems/2.7.0/gems/activesupport-6.1.3.2/lib/active_support/dependencies.rb:332:in `require'
/var/lib/gems/2.7.0/gems/railties-6.1.3.2/lib/rails/generators.rb:6:in `<main>'
/var/lib/gems/2.7.0/gems/bootsnap-1.7.5/lib/bootsnap/load_path_cache/core_ext/kernel_require.rb:23:in `require'
/var/lib/gems/2.7.0/gems/bootsnap-1.7.5/lib/bootsnap/load_path_cache/core_ext/kernel_require.rb:23:in `block in require_with_bootsnap_lfi'
/var/lib/gems/2.7.0/gems/bootsnap-1.7.5/lib/bootsnap/load_path_cache/loaded_features_index.rb:92:in `register'
/var/lib/gems/2.7.0/gems/bootsnap-1.7.5/lib/bootsnap/load_path_cache/core_ext/kernel_require.rb:22:in `require_with_bootsnap_lfi'
/var/lib/gems/2.7.0/gems/bootsnap-1.7.5/lib/bootsnap/load_path_cache/core_ext/kernel_require.rb:31:in `require'
/var/lib/gems/2.7.0/gems/zeitwerk-2.4.2/lib/zeitwerk/kernel.rb:34:in `require'
/var/lib/gems/2.7.0/gems/activesupport-6.1.3.2/lib/active_support/dependencies.rb:332:in `block in require'
/var/lib/gems/2.7.0/gems/activesupport-6.1.3.2/lib/active_support/dependencies.rb:299:in `load_dependency'
/var/lib/gems/2.7.0/gems/activesupport-6.1.3.2/lib/active_support/dependencies.rb:332:in `require'
/var/lib/gems/2.7.0/gems/railties-6.1.3.2/lib/rails/app_updater.rb:3:in `<main>'
/var/lib/gems/2.7.0/gems/bootsnap-1.7.5/lib/bootsnap/load_path_cache/core_ext/kernel_require.rb:23:in `require'
/var/lib/gems/2.7.0/gems/bootsnap-1.7.5/lib/bootsnap/load_path_cache/core_ext/kernel_require.rb:23:in `block in require_with_bootsnap_lfi'
/var/lib/gems/2.7.0/gems/bootsnap-1.7.5/lib/bootsnap/load_path_cache/loaded_features_index.rb:92:in `register'
/var/lib/gems/2.7.0/gems/bootsnap-1.7.5/lib/bootsnap/load_path_cache/core_ext/kernel_require.rb:22:in `require_with_bootsnap_lfi'
/var/lib/gems/2.7.0/gems/bootsnap-1.7.5/lib/bootsnap/load_path_cache/core_ext/kernel_require.rb:31:in `require'
/var/lib/gems/2.7.0/gems/zeitwerk-2.4.2/lib/zeitwerk/kernel.rb:34:in `require'
/var/lib/gems/2.7.0/gems/activesupport-6.1.3.2/lib/active_support/dependencies.rb:332:in `block in require'
/var/lib/gems/2.7.0/gems/activesupport-6.1.3.2/lib/active_support/dependencies.rb:299:in `load_dependency'
/var/lib/gems/2.7.0/gems/activesupport-6.1.3.2/lib/active_support/dependencies.rb:332:in `require'
/var/lib/gems/2.7.0/gems/railties-6.1.3.2/lib/rails/tasks/framework.rake:41:in `block (2 levels) in <main>'
/var/lib/gems/2.7.0/gems/railties-6.1.3.2/lib/rails/tasks/framework.rake:40:in `block in <main>'
/var/lib/gems/2.7.0/gems/railties-6.1.3.2/lib/rails/tasks/framework.rake:3:in `<main>'
/var/lib/gems/2.7.0/gems/bootsnap-1.7.5/lib/bootsnap/load_path_cache/core_ext/kernel_require.rb:77:in `load'
/var/lib/gems/2.7.0/gems/bootsnap-1.7.5/lib/bootsnap/load_path_cache/core_ext/kernel_require.rb:77:in `load'
/var/lib/gems/2.7.0/gems/activesupport-6.1.3.2/lib/active_support/dependencies.rb:326:in `block in load'
/var/lib/gems/2.7.0/gems/activesupport-6.1.3.2/lib/active_support/dependencies.rb:299:in `load_dependency'
/var/lib/gems/2.7.0/gems/activesupport-6.1.3.2/lib/active_support/dependencies.rb:326:in `load'
/var/lib/gems/2.7.0/gems/railties-6.1.3.2/lib/rails/tasks.rb:18:in `block in <main>'
/var/lib/gems/2.7.0/gems/railties-6.1.3.2/lib/rails/tasks.rb:17:in `each'
/var/lib/gems/2.7.0/gems/railties-6.1.3.2/lib/rails/tasks.rb:17:in `<main>'
/var/lib/gems/2.7.0/gems/bootsnap-1.7.5/lib/bootsnap/load_path_cache/core_ext/kernel_require.rb:59:in `load'
/var/lib/gems/2.7.0/gems/bootsnap-1.7.5/lib/bootsnap/load_path_cache/core_ext/kernel_require.rb:59:in `load'
/var/lib/gems/2.7.0/gems/activesupport-6.1.3.2/lib/active_support/dependencies.rb:326:in `block in load'
/var/lib/gems/2.7.0/gems/activesupport-6.1.3.2/lib/active_support/dependencies.rb:299:in `load_dependency'
/var/lib/gems/2.7.0/gems/activesupport-6.1.3.2/lib/active_support/dependencies.rb:326:in `load'
/var/lib/gems/2.7.0/gems/railties-6.1.3.2/lib/rails/application.rb:522:in `run_tasks_blocks'
/var/lib/gems/2.7.0/gems/railties-6.1.3.2/lib/rails/engine.rb:464:in `load_tasks'
/home/harsh/bv_training_project/blog_project/Rakefile:6:in `<main>'
/var/lib/gems/2.7.0/gems/bootsnap-1.7.5/lib/bootsnap/load_path_cache/core_ext/kernel_require.rb:59:in `load'
/var/lib/gems/2.7.0/gems/bootsnap-1.7.5/lib/bootsnap/load_path_cache/core_ext/kernel_require.rb:59:in `load'
/var/lib/gems/2.7.0/gems/railties-6.1.3.2/lib/rails/commands/rake/rake_command.rb:20:in `block in perform'
/var/lib/gems/2.7.0/gems/railties-6.1.3.2/lib/rails/commands/rake/rake_command.rb:18:in `perform'
/var/lib/gems/2.7.0/gems/railties-6.1.3.2/lib/rails/command.rb:52:in `invoke'
/var/lib/gems/2.7.0/gems/railties-6.1.3.2/lib/rails/commands.rb:18:in `<main>'
/var/lib/gems/2.7.0/gems/bootsnap-1.7.5/lib/bootsnap/load_path_cache/core_ext/kernel_require.rb:23:in `require'
/var/lib/gems/2.7.0/gems/bootsnap-1.7.5/lib/bootsnap/load_path_cache/core_ext/kernel_require.rb:23:in `block in require_with_bootsnap_lfi'
/var/lib/gems/2.7.0/gems/bootsnap-1.7.5/lib/bootsnap/load_path_cache/loaded_features_index.rb:92:in `register'
/var/lib/gems/2.7.0/gems/bootsnap-1.7.5/lib/bootsnap/load_path_cache/core_ext/kernel_require.rb:22:in `require_with_bootsnap_lfi'
/var/lib/gems/2.7.0/gems/bootsnap-1.7.5/lib/bootsnap/load_path_cache/core_ext/kernel_require.rb:31:in `require'
/home/harsh/bv_training_project/blog_project/bin/rails:5:in `<top (required)>'
/var/lib/gems/2.7.0/gems/spring-2.1.1/lib/spring/client/rails.rb:28:in `load'
/var/lib/gems/2.7.0/gems/spring-2.1.1/lib/spring/client/rails.rb:28:in `call'
/var/lib/gems/2.7.0/gems/spring-2.1.1/lib/spring/client/command.rb:7:in `call'
/var/lib/gems/2.7.0/gems/spring-2.1.1/lib/spring/client.rb:30:in `run'
/var/lib/gems/2.7.0/gems/spring-2.1.1/bin/spring:49:in `<top (required)>'
/var/lib/gems/2.7.0/gems/spring-2.1.1/lib/spring/binstub.rb:11:in `load'
/var/lib/gems/2.7.0/gems/spring-2.1.1/lib/spring/binstub.rb:11:in `<top (required)>'
/home/harsh/bv_training_project/blog_project/bin/spring:10:in `block in <top (required)>'
/home/harsh/bv_training_project/blog_project/bin/spring:7:in `tap'
/home/harsh/bv_training_project/blog_project/bin/spring:7:in `<top (required)>'
bin/rails:2:in `load'
bin/rails:2:in `<main>'
(See full trace by running task with --trace)
harsh@harsh-HP-Notebook:~/bv_training_project/blog_project$ ls
app  config     db       Gemfile.lock  log           package.json  Rakefile   storage  tmp     yarn.lock
bin  config.ru  Gemfile  lib           node_modules  public        README.md  test     vendor
harsh@harsh-HP-Notebook:~/bv_training_project/blog_project$ vi Gemfile
harsh@harsh-HP-Notebook:~/bv_training_project/blog_project$ bundle install
The dependency tzinfo-data (>= 0) will be unused by any of the platforms Bundler is installing for. Bundler is installing for ruby but the dependency is only for x86-mingw32, x86-mswin32, x64-mingw32, java. To add those platforms to the bundle, run `bundle lock --add-platform x86-mingw32 x86-mswin32 x64-mingw32 java`.
Using rake 13.0.3
Following files may not be writable, so sudo is needed:
  /usr/local/bin
  /var/lib/gems/2.7.0
  /var/lib/gems/2.7.0/build_info
  /var/lib/gems/2.7.0/cache
  /var/lib/gems/2.7.0/doc
  /var/lib/gems/2.7.0/extensions
  /var/lib/gems/2.7.0/gems
  /var/lib/gems/2.7.0/specifications
Using concurrent-ruby 1.1.9
Using i18n 1.8.10
Using minitest 5.14.4
Using tzinfo 2.0.4
Using zeitwerk 2.4.2
Using activesupport 6.1.3.2
Using builder 3.2.4
Using erubi 1.10.0
Using mini_portile2 2.5.3
Using racc 1.5.2
Using nokogiri 1.11.7 (x86_64-linux)
Using rails-dom-testing 2.0.3
Using crass 1.0.6
Using loofah 2.9.1
Using rails-html-sanitizer 1.3.0
Using actionview 6.1.3.2
Using rack 2.2.3
Using rack-test 1.1.0
Using actionpack 6.1.3.2
Using nio4r 2.5.7
Using websocket-extensions 0.1.5
Using websocket-driver 0.7.4
Using actioncable 6.1.3.2
Using globalid 0.4.2
Using activejob 6.1.3.2
Using activemodel 6.1.3.2
Using activerecord 6.1.3.2
Using marcel 1.0.1
Using mini_mime 1.0.3
Using activestorage 6.1.3.2
Using mail 2.7.1
Using actionmailbox 6.1.3.2
Using actionmailer 6.1.3.2
Using actiontext 6.1.3.2
Using public_suffix 4.0.6
Using addressable 2.7.0
Using bindex 0.8.1
Using msgpack 1.4.2
Using bootsnap 1.7.5
Using bundler 2.1.4
Using byebug 11.1.3
Using regexp_parser 2.1.1
Using xpath 3.2.0
Using capybara 3.35.3
Using childprocess 3.0.0
Using ffi 1.15.1
Using jbuilder 2.11.2
Using rb-fsevent 0.11.0
Using rb-inotify 0.10.1
Using listen 3.5.1
Using method_source 1.0.0
Using puma 5.3.2
Using rack-mini-profiler 2.3.2
Using rack-proxy 0.7.0
Using thor 1.1.0
Using railties 6.1.3.2
Using sprockets 4.0.2
Using sprockets-rails 3.2.2
Using rails 6.1.3.2
Using rubyzip 2.3.0
Using sassc 2.4.0
Using tilt 2.0.10
Using sassc-rails 2.1.2
Using sass-rails 6.0.0
Using selenium-webdriver 3.142.7
Using semantic_range 3.0.0
Using spring 2.1.1
Using sqlite3 1.4.2
Using turbolinks-source 5.2.0
Using turbolinks 5.2.1
Using web-console 4.1.0
Using webdrivers 4.6.0
Using webpacker 5.4.0
Bundle complete! 18 Gemfile dependencies, 74 gems now installed.
Use `bundle info [gemname]` to see where a bundled gem is installed.
harsh@harsh-HP-Notebook:~/bv_training_project/blog_project$ run webpacker:install

Command 'run' not found, did you mean:

  command 'srun' from snap slurm (20.02.1)
  command 'rn' from deb trn4 (4.0-test77-12)
  command 'runq' from deb exim4-daemon-heavy (4.93-13ubuntu1.5)
  command 'runq' from deb exim4-daemon-light (4.93-13ubuntu1.5)
  command 'runq' from deb sendmail-bin (8.15.2-18)
  command 'zrun' from deb moreutils (0.63-1)
  command 'srun' from deb slurm-client (19.05.5-1)
  command 'crun' from deb crun (0.12.1+dfsg-1)
  command 'rup' from deb rstat-client (4.0.1-9)
  command 'runc' from deb runc (1.0.0~rc93-0ubuntu1~20.04.2)
  command 'zun' from deb python3-zunclient (4.0.0-0ubuntu1)
  command 'grun' from deb grun (0.9.3-2)

See 'snap info <snapname>' for additional versions.

harsh@harsh-HP-Notebook:~/bv_training_project/blog_project$ rails webpacker:install
rails aborted!
TypeError: superclass mismatch for class Command
/var/lib/gems/2.7.0/gems/thor-1.1.0/lib/thor/command.rb:2:in `<class:Thor>'
/var/lib/gems/2.7.0/gems/thor-1.1.0/lib/thor/command.rb:1:in `<main>'
/var/lib/gems/2.7.0/gems/bootsnap-1.7.5/lib/bootsnap/load_path_cache/core_ext/kernel_require.rb:23:in `require'
/var/lib/gems/2.7.0/gems/bootsnap-1.7.5/lib/bootsnap/load_path_cache/core_ext/kernel_require.rb:23:in `block in require_with_bootsnap_lfi'
/var/lib/gems/2.7.0/gems/bootsnap-1.7.5/lib/bootsnap/load_path_cache/loaded_features_index.rb:92:in `register'
/var/lib/gems/2.7.0/gems/bootsnap-1.7.5/lib/bootsnap/load_path_cache/core_ext/kernel_require.rb:22:in `require_with_bootsnap_lfi'
/var/lib/gems/2.7.0/gems/bootsnap-1.7.5/lib/bootsnap/load_path_cache/core_ext/kernel_require.rb:31:in `require'
/var/lib/gems/2.7.0/gems/zeitwerk-2.4.2/lib/zeitwerk/kernel.rb:34:in `require'
/var/lib/gems/2.7.0/gems/activesupport-6.1.3.2/lib/active_support/dependencies.rb:332:in `block in require'
/var/lib/gems/2.7.0/gems/activesupport-6.1.3.2/lib/active_support/dependencies.rb:299:in `load_dependency'
/var/lib/gems/2.7.0/gems/activesupport-6.1.3.2/lib/active_support/dependencies.rb:332:in `require'
/var/lib/gems/2.7.0/gems/bootsnap-1.7.5/lib/bootsnap/load_path_cache/core_ext/kernel_require.rb:53:in `require_relative'
/var/lib/gems/2.7.0/gems/thor-1.1.0/lib/thor/base.rb:1:in `<main>'
/var/lib/gems/2.7.0/gems/bootsnap-1.7.5/lib/bootsnap/load_path_cache/core_ext/kernel_require.rb:23:in `require'
/var/lib/gems/2.7.0/gems/bootsnap-1.7.5/lib/bootsnap/load_path_cache/core_ext/kernel_require.rb:23:in `block in require_with_bootsnap_lfi'
/var/lib/gems/2.7.0/gems/bootsnap-1.7.5/lib/bootsnap/load_path_cache/loaded_features_index.rb:92:in `register'
/var/lib/gems/2.7.0/gems/bootsnap-1.7.5/lib/bootsnap/load_path_cache/core_ext/kernel_require.rb:22:in `require_with_bootsnap_lfi'
/var/lib/gems/2.7.0/gems/bootsnap-1.7.5/lib/bootsnap/load_path_cache/core_ext/kernel_require.rb:31:in `require'
/var/lib/gems/2.7.0/gems/zeitwerk-2.4.2/lib/zeitwerk/kernel.rb:34:in `require'
/var/lib/gems/2.7.0/gems/activesupport-6.1.3.2/lib/active_support/dependencies.rb:332:in `block in require'
/var/lib/gems/2.7.0/gems/activesupport-6.1.3.2/lib/active_support/dependencies.rb:299:in `load_dependency'
/var/lib/gems/2.7.0/gems/activesupport-6.1.3.2/lib/active_support/dependencies.rb:332:in `require'
/var/lib/gems/2.7.0/gems/bootsnap-1.7.5/lib/bootsnap/load_path_cache/core_ext/kernel_require.rb:53:in `require_relative'
/var/lib/gems/2.7.0/gems/thor-1.1.0/lib/thor/group.rb:1:in `<main>'
/var/lib/gems/2.7.0/gems/bootsnap-1.7.5/lib/bootsnap/load_path_cache/core_ext/kernel_require.rb:23:in `require'
/var/lib/gems/2.7.0/gems/bootsnap-1.7.5/lib/bootsnap/load_path_cache/core_ext/kernel_require.rb:23:in `block in require_with_bootsnap_lfi'
/var/lib/gems/2.7.0/gems/bootsnap-1.7.5/lib/bootsnap/load_path_cache/loaded_features_index.rb:92:in `register'
/var/lib/gems/2.7.0/gems/bootsnap-1.7.5/lib/bootsnap/load_path_cache/core_ext/kernel_require.rb:22:in `require_with_bootsnap_lfi'
/var/lib/gems/2.7.0/gems/bootsnap-1.7.5/lib/bootsnap/load_path_cache/core_ext/kernel_require.rb:31:in `require'
/var/lib/gems/2.7.0/gems/zeitwerk-2.4.2/lib/zeitwerk/kernel.rb:34:in `require'
/var/lib/gems/2.7.0/gems/activesupport-6.1.3.2/lib/active_support/dependencies.rb:332:in `block in require'
/var/lib/gems/2.7.0/gems/activesupport-6.1.3.2/lib/active_support/dependencies.rb:299:in `load_dependency'
/var/lib/gems/2.7.0/gems/activesupport-6.1.3.2/lib/active_support/dependencies.rb:332:in `require'
/var/lib/gems/2.7.0/gems/railties-6.1.3.2/lib/rails/generators.rb:6:in `<main>'
/var/lib/gems/2.7.0/gems/bootsnap-1.7.5/lib/bootsnap/load_path_cache/core_ext/kernel_require.rb:23:in `require'
/var/lib/gems/2.7.0/gems/bootsnap-1.7.5/lib/bootsnap/load_path_cache/core_ext/kernel_require.rb:23:in `block in require_with_bootsnap_lfi'
/var/lib/gems/2.7.0/gems/bootsnap-1.7.5/lib/bootsnap/load_path_cache/loaded_features_index.rb:92:in `register'
/var/lib/gems/2.7.0/gems/bootsnap-1.7.5/lib/bootsnap/load_path_cache/core_ext/kernel_require.rb:22:in `require_with_bootsnap_lfi'
/var/lib/gems/2.7.0/gems/bootsnap-1.7.5/lib/bootsnap/load_path_cache/core_ext/kernel_require.rb:31:in `require'
/var/lib/gems/2.7.0/gems/zeitwerk-2.4.2/lib/zeitwerk/kernel.rb:34:in `require'
/var/lib/gems/2.7.0/gems/activesupport-6.1.3.2/lib/active_support/dependencies.rb:332:in `block in require'
/var/lib/gems/2.7.0/gems/activesupport-6.1.3.2/lib/active_support/dependencies.rb:299:in `load_dependency'
/var/lib/gems/2.7.0/gems/activesupport-6.1.3.2/lib/active_support/dependencies.rb:332:in `require'
/var/lib/gems/2.7.0/gems/railties-6.1.3.2/lib/rails/app_updater.rb:3:in `<main>'
/var/lib/gems/2.7.0/gems/bootsnap-1.7.5/lib/bootsnap/load_path_cache/core_ext/kernel_require.rb:23:in `require'
/var/lib/gems/2.7.0/gems/bootsnap-1.7.5/lib/bootsnap/load_path_cache/core_ext/kernel_require.rb:23:in `block in require_with_bootsnap_lfi'
/var/lib/gems/2.7.0/gems/bootsnap-1.7.5/lib/bootsnap/load_path_cache/loaded_features_index.rb:92:in `register'
/var/lib/gems/2.7.0/gems/bootsnap-1.7.5/lib/bootsnap/load_path_cache/core_ext/kernel_require.rb:22:in `require_with_bootsnap_lfi'
/var/lib/gems/2.7.0/gems/bootsnap-1.7.5/lib/bootsnap/load_path_cache/core_ext/kernel_require.rb:31:in `require'
/var/lib/gems/2.7.0/gems/zeitwerk-2.4.2/lib/zeitwerk/kernel.rb:34:in `require'
/var/lib/gems/2.7.0/gems/activesupport-6.1.3.2/lib/active_support/dependencies.rb:332:in `block in require'
/var/lib/gems/2.7.0/gems/activesupport-6.1.3.2/lib/active_support/dependencies.rb:299:in `load_dependency'
/var/lib/gems/2.7.0/gems/activesupport-6.1.3.2/lib/active_support/dependencies.rb:332:in `require'
/var/lib/gems/2.7.0/gems/railties-6.1.3.2/lib/rails/tasks/framework.rake:41:in `block (2 levels) in <main>'
/var/lib/gems/2.7.0/gems/railties-6.1.3.2/lib/rails/tasks/framework.rake:40:in `block in <main>'
/var/lib/gems/2.7.0/gems/railties-6.1.3.2/lib/rails/tasks/framework.rake:3:in `<main>'
/var/lib/gems/2.7.0/gems/bootsnap-1.7.5/lib/bootsnap/load_path_cache/core_ext/kernel_require.rb:77:in `load'
/var/lib/gems/2.7.0/gems/bootsnap-1.7.5/lib/bootsnap/load_path_cache/core_ext/kernel_require.rb:77:in `load'
/var/lib/gems/2.7.0/gems/activesupport-6.1.3.2/lib/active_support/dependencies.rb:326:in `block in load'
/var/lib/gems/2.7.0/gems/activesupport-6.1.3.2/lib/active_support/dependencies.rb:299:in `load_dependency'
/var/lib/gems/2.7.0/gems/activesupport-6.1.3.2/lib/active_support/dependencies.rb:326:in `load'
/var/lib/gems/2.7.0/gems/railties-6.1.3.2/lib/rails/tasks.rb:18:in `block in <main>'
/var/lib/gems/2.7.0/gems/railties-6.1.3.2/lib/rails/tasks.rb:17:in `each'
/var/lib/gems/2.7.0/gems/railties-6.1.3.2/lib/rails/tasks.rb:17:in `<main>'
/var/lib/gems/2.7.0/gems/bootsnap-1.7.5/lib/bootsnap/load_path_cache/core_ext/kernel_require.rb:59:in `load'
/var/lib/gems/2.7.0/gems/bootsnap-1.7.5/lib/bootsnap/load_path_cache/core_ext/kernel_require.rb:59:in `load'
/var/lib/gems/2.7.0/gems/activesupport-6.1.3.2/lib/active_support/dependencies.rb:326:in `block in load'
/var/lib/gems/2.7.0/gems/activesupport-6.1.3.2/lib/active_support/dependencies.rb:299:in `load_dependency'
/var/lib/gems/2.7.0/gems/activesupport-6.1.3.2/lib/active_support/dependencies.rb:326:in `load'
/var/lib/gems/2.7.0/gems/railties-6.1.3.2/lib/rails/application.rb:522:in `run_tasks_blocks'
/var/lib/gems/2.7.0/gems/railties-6.1.3.2/lib/rails/engine.rb:464:in `load_tasks'
/home/harsh/bv_training_project/blog_project/Rakefile:6:in `<main>'
/var/lib/gems/2.7.0/gems/bootsnap-1.7.5/lib/bootsnap/load_path_cache/core_ext/kernel_require.rb:59:in `load'
/var/lib/gems/2.7.0/gems/bootsnap-1.7.5/lib/bootsnap/load_path_cache/core_ext/kernel_require.rb:59:in `load'
/var/lib/gems/2.7.0/gems/railties-6.1.3.2/lib/rails/commands/rake/rake_command.rb:20:in `block in perform'
/var/lib/gems/2.7.0/gems/railties-6.1.3.2/lib/rails/commands/rake/rake_command.rb:18:in `perform'
/var/lib/gems/2.7.0/gems/railties-6.1.3.2/lib/rails/command.rb:52:in `invoke'
/var/lib/gems/2.7.0/gems/railties-6.1.3.2/lib/rails/commands.rb:18:in `<main>'
/var/lib/gems/2.7.0/gems/bootsnap-1.7.5/lib/bootsnap/load_path_cache/core_ext/kernel_require.rb:23:in `require'
/var/lib/gems/2.7.0/gems/bootsnap-1.7.5/lib/bootsnap/load_path_cache/core_ext/kernel_require.rb:23:in `block in require_with_bootsnap_lfi'
/var/lib/gems/2.7.0/gems/bootsnap-1.7.5/lib/bootsnap/load_path_cache/loaded_features_index.rb:92:in `register'
/var/lib/gems/2.7.0/gems/bootsnap-1.7.5/lib/bootsnap/load_path_cache/core_ext/kernel_require.rb:22:in `require_with_bootsnap_lfi'
/var/lib/gems/2.7.0/gems/bootsnap-1.7.5/lib/bootsnap/load_path_cache/core_ext/kernel_require.rb:31:in `require'
/home/harsh/bv_training_project/blog_project/bin/rails:5:in `<top (required)>'
/var/lib/gems/2.7.0/gems/spring-2.1.1/lib/spring/client/rails.rb:28:in `load'
/var/lib/gems/2.7.0/gems/spring-2.1.1/lib/spring/client/rails.rb:28:in `call'
/var/lib/gems/2.7.0/gems/spring-2.1.1/lib/spring/client/command.rb:7:in `call'
/var/lib/gems/2.7.0/gems/spring-2.1.1/lib/spring/client.rb:30:in `run'
/var/lib/gems/2.7.0/gems/spring-2.1.1/bin/spring:49:in `<top (required)>'
/var/lib/gems/2.7.0/gems/spring-2.1.1/lib/spring/binstub.rb:11:in `load'
/var/lib/gems/2.7.0/gems/spring-2.1.1/lib/spring/binstub.rb:11:in `<top (required)>'
/home/harsh/bv_training_project/blog_project/bin/spring:10:in `block in <top (required)>'
/home/harsh/bv_training_project/blog_project/bin/spring:7:in `tap'
/home/harsh/bv_training_project/blog_project/bin/spring:7:in `<top (required)>'
bin/rails:2:in `load'
bin/rails:2:in `<main>'
(See full trace by running task with --trace)
harsh@harsh-HP-Notebook:~/bv_training_project/blog_project$ rm Gemfile.lock
harsh@harsh-HP-Notebook:~/bv_training_project/blog_project$ bundle install
The dependency tzinfo-data (>= 0) will be unused by any of the platforms Bundler is installing for. Bundler is installing for ruby but the dependency is only for x86-mingw32, x86-mswin32, x64-mingw32, java. To add those platforms to the bundle, run `bundle lock --add-platform x86-mingw32 x86-mswin32 x64-mingw32 java`.
Fetching gem metadata from https://rubygems.org/............
Fetching gem metadata from https://rubygems.org/.
Resolving dependencies...
Using rake 13.0.3
Following files may not be writable, so sudo is needed:
  /usr/local/bin
  /var/lib/gems/2.7.0
  /var/lib/gems/2.7.0/build_info
  /var/lib/gems/2.7.0/cache
  /var/lib/gems/2.7.0/doc
  /var/lib/gems/2.7.0/extensions
  /var/lib/gems/2.7.0/gems
  /var/lib/gems/2.7.0/specifications
Using concurrent-ruby 1.1.9
Using i18n 1.8.10
Using minitest 5.14.4
Using tzinfo 2.0.4
Using zeitwerk 2.4.2
Using activesupport 6.1.3.2
Using builder 3.2.4
Using erubi 1.10.0
Using mini_portile2 2.5.3
Using racc 1.5.2
Using nokogiri 1.11.7 (x86_64-linux)
Using rails-dom-testing 2.0.3
Using crass 1.0.6
Using loofah 2.9.1
Using rails-html-sanitizer 1.3.0
Using actionview 6.1.3.2
Using rack 2.2.3
Using rack-test 1.1.0
Using actionpack 6.1.3.2
Using nio4r 2.5.7
Using websocket-extensions 0.1.5
Using websocket-driver 0.7.4
Using actioncable 6.1.3.2
Using globalid 0.4.2
Using activejob 6.1.3.2
Using activemodel 6.1.3.2
Using activerecord 6.1.3.2
Using marcel 1.0.1
Using mini_mime 1.0.3
Using activestorage 6.1.3.2
Using mail 2.7.1
Using actionmailbox 6.1.3.2
Using actionmailer 6.1.3.2
Using actiontext 6.1.3.2
Using public_suffix 4.0.6
Using addressable 2.7.0
Using bindex 0.8.1
Using msgpack 1.4.2
Using bootsnap 1.7.5
Using bundler 2.1.4
Using byebug 11.1.3
Using regexp_parser 2.1.1
Using xpath 3.2.0
Using capybara 3.35.3
Using childprocess 3.0.0
Using ffi 1.15.1
Using jbuilder 2.11.2
Using rb-fsevent 0.11.0
Using rb-inotify 0.10.1
Using listen 3.5.1
Using method_source 1.0.0
Using puma 5.3.2
Using rack-mini-profiler 2.3.2
Using rack-proxy 0.7.0
Using thor 1.1.0
Using railties 6.1.3.2
Using sprockets 4.0.2
Using sprockets-rails 3.2.2
Using rails 6.1.3.2
Using rubyzip 2.3.0
Using sassc 2.4.0
Using tilt 2.0.10
Using sassc-rails 2.1.2
Using sass-rails 6.0.0
Using selenium-webdriver 3.142.7
Using semantic_range 3.0.0
Using spring 2.1.1
Using sqlite3 1.4.2
Using turbolinks-source 5.2.0
Using turbolinks 5.2.1
Using web-console 4.1.0
Using webdrivers 4.6.0
Using webpacker 5.4.0
Bundle complete! 18 Gemfile dependencies, 74 gems now installed.
Use `bundle info [gemname]` to see where a bundled gem is installed.
harsh@harsh-HP-Notebook:~/bv_training_project/blog_project$ server -s

Command 'server' not found, but can be installed with:

sudo apt install golang-golang-x-tools

harsh@harsh-HP-Notebook:~/bv_training_project/blog_project$ rails -s
rails aborted!
TypeError: superclass mismatch for class Command
/var/lib/gems/2.7.0/gems/thor-1.1.0/lib/thor/command.rb:2:in `<class:Thor>'
/var/lib/gems/2.7.0/gems/thor-1.1.0/lib/thor/command.rb:1:in `<main>'
/var/lib/gems/2.7.0/gems/bootsnap-1.7.5/lib/bootsnap/load_path_cache/core_ext/kernel_require.rb:23:in `require'
/var/lib/gems/2.7.0/gems/bootsnap-1.7.5/lib/bootsnap/load_path_cache/core_ext/kernel_require.rb:23:in `block in require_with_bootsnap_lfi'
/var/lib/gems/2.7.0/gems/bootsnap-1.7.5/lib/bootsnap/load_path_cache/loaded_features_index.rb:92:in `register'
/var/lib/gems/2.7.0/gems/bootsnap-1.7.5/lib/bootsnap/load_path_cache/core_ext/kernel_require.rb:22:in `require_with_bootsnap_lfi'
/var/lib/gems/2.7.0/gems/bootsnap-1.7.5/lib/bootsnap/load_path_cache/core_ext/kernel_require.rb:31:in `require'
/var/lib/gems/2.7.0/gems/zeitwerk-2.4.2/lib/zeitwerk/kernel.rb:34:in `require'
/var/lib/gems/2.7.0/gems/activesupport-6.1.3.2/lib/active_support/dependencies.rb:332:in `block in require'
/var/lib/gems/2.7.0/gems/activesupport-6.1.3.2/lib/active_support/dependencies.rb:299:in `load_dependency'
/var/lib/gems/2.7.0/gems/activesupport-6.1.3.2/lib/active_support/dependencies.rb:332:in `require'
/var/lib/gems/2.7.0/gems/bootsnap-1.7.5/lib/bootsnap/load_path_cache/core_ext/kernel_require.rb:53:in `require_relative'
/var/lib/gems/2.7.0/gems/thor-1.1.0/lib/thor/base.rb:1:in `<main>'
/var/lib/gems/2.7.0/gems/bootsnap-1.7.5/lib/bootsnap/load_path_cache/core_ext/kernel_require.rb:23:in `require'
/var/lib/gems/2.7.0/gems/bootsnap-1.7.5/lib/bootsnap/load_path_cache/core_ext/kernel_require.rb:23:in `block in require_with_bootsnap_lfi'
/var/lib/gems/2.7.0/gems/bootsnap-1.7.5/lib/bootsnap/load_path_cache/loaded_features_index.rb:92:in `register'
/var/lib/gems/2.7.0/gems/bootsnap-1.7.5/lib/bootsnap/load_path_cache/core_ext/kernel_require.rb:22:in `require_with_bootsnap_lfi'
/var/lib/gems/2.7.0/gems/bootsnap-1.7.5/lib/bootsnap/load_path_cache/core_ext/kernel_require.rb:31:in `require'
/var/lib/gems/2.7.0/gems/zeitwerk-2.4.2/lib/zeitwerk/kernel.rb:34:in `require'
/var/lib/gems/2.7.0/gems/activesupport-6.1.3.2/lib/active_support/dependencies.rb:332:in `block in require'
/var/lib/gems/2.7.0/gems/activesupport-6.1.3.2/lib/active_support/dependencies.rb:299:in `load_dependency'
/var/lib/gems/2.7.0/gems/activesupport-6.1.3.2/lib/active_support/dependencies.rb:332:in `require'
/var/lib/gems/2.7.0/gems/bootsnap-1.7.5/lib/bootsnap/load_path_cache/core_ext/kernel_require.rb:53:in `require_relative'
/var/lib/gems/2.7.0/gems/thor-1.1.0/lib/thor/group.rb:1:in `<main>'
/var/lib/gems/2.7.0/gems/bootsnap-1.7.5/lib/bootsnap/load_path_cache/core_ext/kernel_require.rb:23:in `require'
/var/lib/gems/2.7.0/gems/bootsnap-1.7.5/lib/bootsnap/load_path_cache/core_ext/kernel_require.rb:23:in `block in require_with_bootsnap_lfi'
/var/lib/gems/2.7.0/gems/bootsnap-1.7.5/lib/bootsnap/load_path_cache/loaded_features_index.rb:92:in `register'
/var/lib/gems/2.7.0/gems/bootsnap-1.7.5/lib/bootsnap/load_path_cache/core_ext/kernel_require.rb:22:in `require_with_bootsnap_lfi'
/var/lib/gems/2.7.0/gems/bootsnap-1.7.5/lib/bootsnap/load_path_cache/core_ext/kernel_require.rb:31:in `require'
/var/lib/gems/2.7.0/gems/zeitwerk-2.4.2/lib/zeitwerk/kernel.rb:34:in `require'
/var/lib/gems/2.7.0/gems/activesupport-6.1.3.2/lib/active_support/dependencies.rb:332:in `block in require'
/var/lib/gems/2.7.0/gems/activesupport-6.1.3.2/lib/active_support/dependencies.rb:299:in `load_dependency'
/var/lib/gems/2.7.0/gems/activesupport-6.1.3.2/lib/active_support/dependencies.rb:332:in `require'
/var/lib/gems/2.7.0/gems/railties-6.1.3.2/lib/rails/generators.rb:6:in `<main>'
/var/lib/gems/2.7.0/gems/bootsnap-1.7.5/lib/bootsnap/load_path_cache/core_ext/kernel_require.rb:23:in `require'
/var/lib/gems/2.7.0/gems/bootsnap-1.7.5/lib/bootsnap/load_path_cache/core_ext/kernel_require.rb:23:in `block in require_with_bootsnap_lfi'
/var/lib/gems/2.7.0/gems/bootsnap-1.7.5/lib/bootsnap/load_path_cache/loaded_features_index.rb:92:in `register'
/var/lib/gems/2.7.0/gems/bootsnap-1.7.5/lib/bootsnap/load_path_cache/core_ext/kernel_require.rb:22:in `require_with_bootsnap_lfi'
/var/lib/gems/2.7.0/gems/bootsnap-1.7.5/lib/bootsnap/load_path_cache/core_ext/kernel_require.rb:31:in `require'
/var/lib/gems/2.7.0/gems/zeitwerk-2.4.2/lib/zeitwerk/kernel.rb:34:in `require'
/var/lib/gems/2.7.0/gems/activesupport-6.1.3.2/lib/active_support/dependencies.rb:332:in `block in require'
/var/lib/gems/2.7.0/gems/activesupport-6.1.3.2/lib/active_support/dependencies.rb:299:in `load_dependency'
/var/lib/gems/2.7.0/gems/activesupport-6.1.3.2/lib/active_support/dependencies.rb:332:in `require'
/var/lib/gems/2.7.0/gems/railties-6.1.3.2/lib/rails/app_updater.rb:3:in `<main>'
/var/lib/gems/2.7.0/gems/bootsnap-1.7.5/lib/bootsnap/load_path_cache/core_ext/kernel_require.rb:23:in `require'
/var/lib/gems/2.7.0/gems/bootsnap-1.7.5/lib/bootsnap/load_path_cache/core_ext/kernel_require.rb:23:in `block in require_with_bootsnap_lfi'
/var/lib/gems/2.7.0/gems/bootsnap-1.7.5/lib/bootsnap/load_path_cache/loaded_features_index.rb:92:in `register'
/var/lib/gems/2.7.0/gems/bootsnap-1.7.5/lib/bootsnap/load_path_cache/core_ext/kernel_require.rb:22:in `require_with_bootsnap_lfi'
/var/lib/gems/2.7.0/gems/bootsnap-1.7.5/lib/bootsnap/load_path_cache/core_ext/kernel_require.rb:31:in `require'
/var/lib/gems/2.7.0/gems/zeitwerk-2.4.2/lib/zeitwerk/kernel.rb:34:in `require'
/var/lib/gems/2.7.0/gems/activesupport-6.1.3.2/lib/active_support/dependencies.rb:332:in `block in require'
/var/lib/gems/2.7.0/gems/activesupport-6.1.3.2/lib/active_support/dependencies.rb:299:in `load_dependency'
/var/lib/gems/2.7.0/gems/activesupport-6.1.3.2/lib/active_support/dependencies.rb:332:in `require'
/var/lib/gems/2.7.0/gems/railties-6.1.3.2/lib/rails/tasks/framework.rake:41:in `block (2 levels) in <main>'
/var/lib/gems/2.7.0/gems/railties-6.1.3.2/lib/rails/tasks/framework.rake:40:in `block in <main>'
/var/lib/gems/2.7.0/gems/railties-6.1.3.2/lib/rails/tasks/framework.rake:3:in `<main>'
/var/lib/gems/2.7.0/gems/bootsnap-1.7.5/lib/bootsnap/load_path_cache/core_ext/kernel_require.rb:77:in `load'
/var/lib/gems/2.7.0/gems/bootsnap-1.7.5/lib/bootsnap/load_path_cache/core_ext/kernel_require.rb:77:in `load'
/var/lib/gems/2.7.0/gems/activesupport-6.1.3.2/lib/active_support/dependencies.rb:326:in `block in load'
/var/lib/gems/2.7.0/gems/activesupport-6.1.3.2/lib/active_support/dependencies.rb:299:in `load_dependency'
/var/lib/gems/2.7.0/gems/activesupport-6.1.3.2/lib/active_support/dependencies.rb:326:in `load'
/var/lib/gems/2.7.0/gems/railties-6.1.3.2/lib/rails/tasks.rb:18:in `block in <main>'
/var/lib/gems/2.7.0/gems/railties-6.1.3.2/lib/rails/tasks.rb:17:in `each'
/var/lib/gems/2.7.0/gems/railties-6.1.3.2/lib/rails/tasks.rb:17:in `<main>'
/var/lib/gems/2.7.0/gems/bootsnap-1.7.5/lib/bootsnap/load_path_cache/core_ext/kernel_require.rb:59:in `load'
/var/lib/gems/2.7.0/gems/bootsnap-1.7.5/lib/bootsnap/load_path_cache/core_ext/kernel_require.rb:59:in `load'
/var/lib/gems/2.7.0/gems/activesupport-6.1.3.2/lib/active_support/dependencies.rb:326:in `block in load'
/var/lib/gems/2.7.0/gems/activesupport-6.1.3.2/lib/active_support/dependencies.rb:299:in `load_dependency'
/var/lib/gems/2.7.0/gems/activesupport-6.1.3.2/lib/active_support/dependencies.rb:326:in `load'
/var/lib/gems/2.7.0/gems/railties-6.1.3.2/lib/rails/application.rb:522:in `run_tasks_blocks'
/var/lib/gems/2.7.0/gems/railties-6.1.3.2/lib/rails/engine.rb:464:in `load_tasks'
/home/harsh/bv_training_project/blog_project/Rakefile:6:in `<main>'
/var/lib/gems/2.7.0/gems/bootsnap-1.7.5/lib/bootsnap/load_path_cache/core_ext/kernel_require.rb:59:in `load'
/var/lib/gems/2.7.0/gems/bootsnap-1.7.5/lib/bootsnap/load_path_cache/core_ext/kernel_require.rb:59:in `load'
/var/lib/gems/2.7.0/gems/railties-6.1.3.2/lib/rails/commands/rake/rake_command.rb:20:in `block in perform'
/var/lib/gems/2.7.0/gems/railties-6.1.3.2/lib/rails/commands/rake/rake_command.rb:18:in `perform'
/var/lib/gems/2.7.0/gems/railties-6.1.3.2/lib/rails/command.rb:52:in `invoke'
/var/lib/gems/2.7.0/gems/railties-6.1.3.2/lib/rails/commands.rb:18:in `<main>'
/var/lib/gems/2.7.0/gems/bootsnap-1.7.5/lib/bootsnap/load_path_cache/core_ext/kernel_require.rb:23:in `require'
/var/lib/gems/2.7.0/gems/bootsnap-1.7.5/lib/bootsnap/load_path_cache/core_ext/kernel_require.rb:23:in `block in require_with_bootsnap_lfi'
/var/lib/gems/2.7.0/gems/bootsnap-1.7.5/lib/bootsnap/load_path_cache/loaded_features_index.rb:92:in `register'
/var/lib/gems/2.7.0/gems/bootsnap-1.7.5/lib/bootsnap/load_path_cache/core_ext/kernel_require.rb:22:in `require_with_bootsnap_lfi'
/var/lib/gems/2.7.0/gems/bootsnap-1.7.5/lib/bootsnap/load_path_cache/core_ext/kernel_require.rb:31:in `require'
/home/harsh/bv_training_project/blog_project/bin/rails:5:in `<top (required)>'
/var/lib/gems/2.7.0/gems/spring-2.1.1/lib/spring/client/rails.rb:28:in `load'
/var/lib/gems/2.7.0/gems/spring-2.1.1/lib/spring/client/rails.rb:28:in `call'
/var/lib/gems/2.7.0/gems/spring-2.1.1/lib/spring/client/command.rb:7:in `call'
/var/lib/gems/2.7.0/gems/spring-2.1.1/lib/spring/client.rb:30:in `run'
/var/lib/gems/2.7.0/gems/spring-2.1.1/bin/spring:49:in `<top (required)>'
/var/lib/gems/2.7.0/gems/spring-2.1.1/lib/spring/binstub.rb:11:in `load'
/var/lib/gems/2.7.0/gems/spring-2.1.1/lib/spring/binstub.rb:11:in `<top (required)>'
/home/harsh/bv_training_project/blog_project/bin/spring:10:in `block in <top (required)>'
/home/harsh/bv_training_project/blog_project/bin/spring:7:in `tap'
/home/harsh/bv_training_project/blog_project/bin/spring:7:in `<top (required)>'
bin/rails:2:in `load'
bin/rails:2:in `<main>'
(See full trace by running task with --trace)
harsh@harsh-HP-Notebook:~/bv_training_project/blog_project$ rails webpacker:install
rails aborted!
TypeError: superclass mismatch for class Command
/var/lib/gems/2.7.0/gems/thor-1.1.0/lib/thor/command.rb:2:in `<class:Thor>'
/var/lib/gems/2.7.0/gems/thor-1.1.0/lib/thor/command.rb:1:in `<main>'
/var/lib/gems/2.7.0/gems/bootsnap-1.7.5/lib/bootsnap/load_path_cache/core_ext/kernel_require.rb:23:in `require'
/var/lib/gems/2.7.0/gems/bootsnap-1.7.5/lib/bootsnap/load_path_cache/core_ext/kernel_require.rb:23:in `block in require_with_bootsnap_lfi'
/var/lib/gems/2.7.0/gems/bootsnap-1.7.5/lib/bootsnap/load_path_cache/loaded_features_index.rb:92:in `register'
/var/lib/gems/2.7.0/gems/bootsnap-1.7.5/lib/bootsnap/load_path_cache/core_ext/kernel_require.rb:22:in `require_with_bootsnap_lfi'
/var/lib/gems/2.7.0/gems/bootsnap-1.7.5/lib/bootsnap/load_path_cache/core_ext/kernel_require.rb:31:in `require'
/var/lib/gems/2.7.0/gems/zeitwerk-2.4.2/lib/zeitwerk/kernel.rb:34:in `require'
/var/lib/gems/2.7.0/gems/activesupport-6.1.3.2/lib/active_support/dependencies.rb:332:in `block in require'
/var/lib/gems/2.7.0/gems/activesupport-6.1.3.2/lib/active_support/dependencies.rb:299:in `load_dependency'
/var/lib/gems/2.7.0/gems/activesupport-6.1.3.2/lib/active_support/dependencies.rb:332:in `require'
/var/lib/gems/2.7.0/gems/bootsnap-1.7.5/lib/bootsnap/load_path_cache/core_ext/kernel_require.rb:53:in `require_relative'
/var/lib/gems/2.7.0/gems/thor-1.1.0/lib/thor/base.rb:1:in `<main>'
/var/lib/gems/2.7.0/gems/bootsnap-1.7.5/lib/bootsnap/load_path_cache/core_ext/kernel_require.rb:23:in `require'
/var/lib/gems/2.7.0/gems/bootsnap-1.7.5/lib/bootsnap/load_path_cache/core_ext/kernel_require.rb:23:in `block in require_with_bootsnap_lfi'
/var/lib/gems/2.7.0/gems/bootsnap-1.7.5/lib/bootsnap/load_path_cache/loaded_features_index.rb:92:in `register'
/var/lib/gems/2.7.0/gems/bootsnap-1.7.5/lib/bootsnap/load_path_cache/core_ext/kernel_require.rb:22:in `require_with_bootsnap_lfi'
/var/lib/gems/2.7.0/gems/bootsnap-1.7.5/lib/bootsnap/load_path_cache/core_ext/kernel_require.rb:31:in `require'
/var/lib/gems/2.7.0/gems/zeitwerk-2.4.2/lib/zeitwerk/kernel.rb:34:in `require'
/var/lib/gems/2.7.0/gems/activesupport-6.1.3.2/lib/active_support/dependencies.rb:332:in `block in require'
/var/lib/gems/2.7.0/gems/activesupport-6.1.3.2/lib/active_support/dependencies.rb:299:in `load_dependency'
/var/lib/gems/2.7.0/gems/activesupport-6.1.3.2/lib/active_support/dependencies.rb:332:in `require'
/var/lib/gems/2.7.0/gems/bootsnap-1.7.5/lib/bootsnap/load_path_cache/core_ext/kernel_require.rb:53:in `require_relative'
/var/lib/gems/2.7.0/gems/thor-1.1.0/lib/thor/group.rb:1:in `<main>'
/var/lib/gems/2.7.0/gems/bootsnap-1.7.5/lib/bootsnap/load_path_cache/core_ext/kernel_require.rb:23:in `require'
/var/lib/gems/2.7.0/gems/bootsnap-1.7.5/lib/bootsnap/load_path_cache/core_ext/kernel_require.rb:23:in `block in require_with_bootsnap_lfi'
/var/lib/gems/2.7.0/gems/bootsnap-1.7.5/lib/bootsnap/load_path_cache/loaded_features_index.rb:92:in `register'
/var/lib/gems/2.7.0/gems/bootsnap-1.7.5/lib/bootsnap/load_path_cache/core_ext/kernel_require.rb:22:in `require_with_bootsnap_lfi'
/var/lib/gems/2.7.0/gems/bootsnap-1.7.5/lib/bootsnap/load_path_cache/core_ext/kernel_require.rb:31:in `require'
/var/lib/gems/2.7.0/gems/zeitwerk-2.4.2/lib/zeitwerk/kernel.rb:34:in `require'
/var/lib/gems/2.7.0/gems/activesupport-6.1.3.2/lib/active_support/dependencies.rb:332:in `block in require'
/var/lib/gems/2.7.0/gems/activesupport-6.1.3.2/lib/active_support/dependencies.rb:299:in `load_dependency'
/var/lib/gems/2.7.0/gems/activesupport-6.1.3.2/lib/active_support/dependencies.rb:332:in `require'
/var/lib/gems/2.7.0/gems/railties-6.1.3.2/lib/rails/generators.rb:6:in `<main>'
/var/lib/gems/2.7.0/gems/bootsnap-1.7.5/lib/bootsnap/load_path_cache/core_ext/kernel_require.rb:23:in `require'
/var/lib/gems/2.7.0/gems/bootsnap-1.7.5/lib/bootsnap/load_path_cache/core_ext/kernel_require.rb:23:in `block in require_with_bootsnap_lfi'
/var/lib/gems/2.7.0/gems/bootsnap-1.7.5/lib/bootsnap/load_path_cache/loaded_features_index.rb:92:in `register'
/var/lib/gems/2.7.0/gems/bootsnap-1.7.5/lib/bootsnap/load_path_cache/core_ext/kernel_require.rb:22:in `require_with_bootsnap_lfi'
/var/lib/gems/2.7.0/gems/bootsnap-1.7.5/lib/bootsnap/load_path_cache/core_ext/kernel_require.rb:31:in `require'
/var/lib/gems/2.7.0/gems/zeitwerk-2.4.2/lib/zeitwerk/kernel.rb:34:in `require'
/var/lib/gems/2.7.0/gems/activesupport-6.1.3.2/lib/active_support/dependencies.rb:332:in `block in require'
/var/lib/gems/2.7.0/gems/activesupport-6.1.3.2/lib/active_support/dependencies.rb:299:in `load_dependency'
/var/lib/gems/2.7.0/gems/activesupport-6.1.3.2/lib/active_support/dependencies.rb:332:in `require'
/var/lib/gems/2.7.0/gems/railties-6.1.3.2/lib/rails/app_updater.rb:3:in `<main>'
/var/lib/gems/2.7.0/gems/bootsnap-1.7.5/lib/bootsnap/load_path_cache/core_ext/kernel_require.rb:23:in `require'
/var/lib/gems/2.7.0/gems/bootsnap-1.7.5/lib/bootsnap/load_path_cache/core_ext/kernel_require.rb:23:in `block in require_with_bootsnap_lfi'
/var/lib/gems/2.7.0/gems/bootsnap-1.7.5/lib/bootsnap/load_path_cache/loaded_features_index.rb:92:in `register'
/var/lib/gems/2.7.0/gems/bootsnap-1.7.5/lib/bootsnap/load_path_cache/core_ext/kernel_require.rb:22:in `require_with_bootsnap_lfi'
/var/lib/gems/2.7.0/gems/bootsnap-1.7.5/lib/bootsnap/load_path_cache/core_ext/kernel_require.rb:31:in `require'
/var/lib/gems/2.7.0/gems/zeitwerk-2.4.2/lib/zeitwerk/kernel.rb:34:in `require'
/var/lib/gems/2.7.0/gems/activesupport-6.1.3.2/lib/active_support/dependencies.rb:332:in `block in require'
/var/lib/gems/2.7.0/gems/activesupport-6.1.3.2/lib/active_support/dependencies.rb:299:in `load_dependency'
/var/lib/gems/2.7.0/gems/activesupport-6.1.3.2/lib/active_support/dependencies.rb:332:in `require'
/var/lib/gems/2.7.0/gems/railties-6.1.3.2/lib/rails/tasks/framework.rake:41:in `block (2 levels) in <main>'
/var/lib/gems/2.7.0/gems/railties-6.1.3.2/lib/rails/tasks/framework.rake:40:in `block in <main>'
/var/lib/gems/2.7.0/gems/railties-6.1.3.2/lib/rails/tasks/framework.rake:3:in `<main>'
/var/lib/gems/2.7.0/gems/bootsnap-1.7.5/lib/bootsnap/load_path_cache/core_ext/kernel_require.rb:77:in `load'
/var/lib/gems/2.7.0/gems/bootsnap-1.7.5/lib/bootsnap/load_path_cache/core_ext/kernel_require.rb:77:in `load'
/var/lib/gems/2.7.0/gems/activesupport-6.1.3.2/lib/active_support/dependencies.rb:326:in `block in load'
/var/lib/gems/2.7.0/gems/activesupport-6.1.3.2/lib/active_support/dependencies.rb:299:in `load_dependency'
/var/lib/gems/2.7.0/gems/activesupport-6.1.3.2/lib/active_support/dependencies.rb:326:in `load'
/var/lib/gems/2.7.0/gems/railties-6.1.3.2/lib/rails/tasks.rb:18:in `block in <main>'
/var/lib/gems/2.7.0/gems/railties-6.1.3.2/lib/rails/tasks.rb:17:in `each'
/var/lib/gems/2.7.0/gems/railties-6.1.3.2/lib/rails/tasks.rb:17:in `<main>'
/var/lib/gems/2.7.0/gems/bootsnap-1.7.5/lib/bootsnap/load_path_cache/core_ext/kernel_require.rb:59:in `load'
/var/lib/gems/2.7.0/gems/bootsnap-1.7.5/lib/bootsnap/load_path_cache/core_ext/kernel_require.rb:59:in `load'
/var/lib/gems/2.7.0/gems/activesupport-6.1.3.2/lib/active_support/dependencies.rb:326:in `block in load'
/var/lib/gems/2.7.0/gems/activesupport-6.1.3.2/lib/active_support/dependencies.rb:299:in `load_dependency'
/var/lib/gems/2.7.0/gems/activesupport-6.1.3.2/lib/active_support/dependencies.rb:326:in `load'
/var/lib/gems/2.7.0/gems/railties-6.1.3.2/lib/rails/application.rb:522:in `run_tasks_blocks'
/var/lib/gems/2.7.0/gems/railties-6.1.3.2/lib/rails/engine.rb:464:in `load_tasks'
/home/harsh/bv_training_project/blog_project/Rakefile:6:in `<main>'
/var/lib/gems/2.7.0/gems/bootsnap-1.7.5/lib/bootsnap/load_path_cache/core_ext/kernel_require.rb:59:in `load'
/var/lib/gems/2.7.0/gems/bootsnap-1.7.5/lib/bootsnap/load_path_cache/core_ext/kernel_require.rb:59:in `load'
/var/lib/gems/2.7.0/gems/railties-6.1.3.2/lib/rails/commands/rake/rake_command.rb:20:in `block in perform'
/var/lib/gems/2.7.0/gems/railties-6.1.3.2/lib/rails/commands/rake/rake_command.rb:18:in `perform'
/var/lib/gems/2.7.0/gems/railties-6.1.3.2/lib/rails/command.rb:52:in `invoke'
/var/lib/gems/2.7.0/gems/railties-6.1.3.2/lib/rails/commands.rb:18:in `<main>'
/var/lib/gems/2.7.0/gems/bootsnap-1.7.5/lib/bootsnap/load_path_cache/core_ext/kernel_require.rb:23:in `require'
/var/lib/gems/2.7.0/gems/bootsnap-1.7.5/lib/bootsnap/load_path_cache/core_ext/kernel_require.rb:23:in `block in require_with_bootsnap_lfi'
/var/lib/gems/2.7.0/gems/bootsnap-1.7.5/lib/bootsnap/load_path_cache/loaded_features_index.rb:92:in `register'
/var/lib/gems/2.7.0/gems/bootsnap-1.7.5/lib/bootsnap/load_path_cache/core_ext/kernel_require.rb:22:in `require_with_bootsnap_lfi'
/var/lib/gems/2.7.0/gems/bootsnap-1.7.5/lib/bootsnap/load_path_cache/core_ext/kernel_require.rb:31:in `require'
/home/harsh/bv_training_project/blog_project/bin/rails:5:in `<top (required)>'
/var/lib/gems/2.7.0/gems/spring-2.1.1/lib/spring/client/rails.rb:28:in `load'
/var/lib/gems/2.7.0/gems/spring-2.1.1/lib/spring/client/rails.rb:28:in `call'
/var/lib/gems/2.7.0/gems/spring-2.1.1/lib/spring/client/command.rb:7:in `call'
/var/lib/gems/2.7.0/gems/spring-2.1.1/lib/spring/client.rb:30:in `run'
/var/lib/gems/2.7.0/gems/spring-2.1.1/bin/spring:49:in `<top (required)>'
/var/lib/gems/2.7.0/gems/spring-2.1.1/lib/spring/binstub.rb:11:in `load'
/var/lib/gems/2.7.0/gems/spring-2.1.1/lib/spring/binstub.rb:11:in `<top (required)>'
/home/harsh/bv_training_project/blog_project/bin/spring:10:in `block in <top (required)>'
/home/harsh/bv_training_project/blog_project/bin/spring:7:in `tap'
/home/harsh/bv_training_project/blog_project/bin/spring:7:in `<top (required)>'
bin/rails:2:in `load'
bin/rails:2:in `<main>'
(See full trace by running task with --trace)
harsh@harsh-HP-Notebook:~/bv_training_project/blog_project$ dpkg -r --force-depends  ruby-thor
dpkg: error: requested operation requires superuser privilege
harsh@harsh-HP-Notebook:~/bv_training_project/blog_project$ sudo dpkg -r --force-depends  ruby-thor
dpkg: ruby-thor: dependency problems, but removing anyway as you requested:
 ruby-bundler depends on ruby-thor (>= 0.19.4~).

(Reading database ... 219863 files and directories currently installed.)
Removing ruby-thor (0.19.4-1) ...
Processing triggers for man-db (2.9.1-1) ...
harsh@harsh-HP-Notebook:~/bv_training_project/blog_project$ gem install thor
ERROR:  While executing gem ... (Gem::FilePermissionError)
    You don't have write permissions for the /var/lib/gems/2.7.0 directory.
harsh@harsh-HP-Notebook:~/bv_training_project/blog_project$ sudo gem install thor
Successfully installed thor-1.1.0
Parsing documentation for thor-1.1.0
Done installing documentation for thor after 0 seconds
1 gem installed
harsh@harsh-HP-Notebook:~/bv_training_project/blog_project$ rails webpacker:install
      create  config/webpacker.yml
Copying webpack core config
      create  config/webpack
      create  config/webpack/development.js
      create  config/webpack/environment.js
      create  config/webpack/production.js
      create  config/webpack/test.js
Copying postcss.config.js to app root directory
      create  postcss.config.js
Copying babel.config.js to app root directory
      create  babel.config.js
Copying .browserslistrc to app root directory
      create  .browserslistrc
The JavaScript app source directory already exists
       apply  /var/lib/gems/2.7.0/gems/webpacker-5.4.0/lib/install/binstubs.rb
  Copying binstubs
       exist    bin
      create    bin/webpack
      create    bin/webpack-dev-server
      append  .gitignore
Installing all JavaScript dependencies [5.4.0]
         run  yarn add @rails/webpacker@5.4.0 from "."
yarn add v1.22.10
[1/4] Resolving packages...
warning @rails/webpacker > webpack > watchpack > watchpack-chokidar2 > chokidar@2.1.8: Chokidar 2 will break on node v14+. Upgrade to chokidar 3 with 15x less dependencies.
warning @rails/webpacker > webpack > watchpack > watchpack-chokidar2 > chokidar > fsevents@1.2.13: fsevents 1 will break on node v14+ and could be using insecure binaries. Upgrade to fsevents 2.
warning @rails/webpacker > webpack > micromatch > snapdragon > source-map-resolve > resolve-url@0.2.1: https://github.com/lydell/resolve-url#deprecated
warning @rails/webpacker > webpack > micromatch > snapdragon > source-map-resolve > urix@0.1.0: Please see https://github.com/lydell/urix#deprecated
[2/4] Fetching packages...
info fsevents@2.3.2: The platform "linux" is incompatible with this module.
info "fsevents@2.3.2" is an optional dependency and failed compatibility check. Excluding it from installation.
info fsevents@1.2.13: The platform "linux" is incompatible with this module.
info "fsevents@1.2.13" is an optional dependency and failed compatibility check. Excluding it from installation.
[3/4] Linking dependencies...
[4/4] Building fresh packages...
success Saved lockfile.
success Saved 522 new dependencies.
info Direct dependencies
└─ @rails/webpacker@5.4.0
info All dependencies
├─ @babel/code-frame@7.12.13
├─ @babel/compat-data@7.14.4
├─ @babel/core@7.14.3
├─ @babel/generator@7.14.3
├─ @babel/helper-builder-binary-assignment-operator-visitor@7.12.13
├─ @babel/helper-compilation-targets@7.14.4
├─ @babel/helper-create-class-features-plugin@7.14.4
├─ @babel/helper-explode-assignable-expression@7.13.0
├─ @babel/helper-get-function-arity@7.12.13
├─ @babel/helper-hoist-variables@7.13.16
├─ @babel/helper-replace-supers@7.14.4
├─ @babel/helper-wrap-function@7.13.0
├─ @babel/helpers@7.14.0
├─ @babel/highlight@7.14.0
├─ @babel/parser@7.14.4
├─ @babel/plugin-bugfix-v8-spread-parameters-in-optional-chaining@7.13.12
├─ @babel/plugin-proposal-async-generator-functions@7.14.2
├─ @babel/plugin-proposal-class-static-block@7.14.3
├─ @babel/plugin-proposal-dynamic-import@7.14.2
├─ @babel/plugin-proposal-export-namespace-from@7.14.2
├─ @babel/plugin-proposal-json-strings@7.14.2
├─ @babel/plugin-proposal-logical-assignment-operators@7.14.2
├─ @babel/plugin-proposal-nullish-coalescing-operator@7.14.2
├─ @babel/plugin-proposal-numeric-separator@7.14.2
├─ @babel/plugin-proposal-object-rest-spread@7.14.4
├─ @babel/plugin-proposal-optional-catch-binding@7.14.2
├─ @babel/plugin-proposal-optional-chaining@7.14.2
├─ @babel/plugin-proposal-private-methods@7.13.0
├─ @babel/plugin-proposal-private-property-in-object@7.14.0
├─ @babel/plugin-proposal-unicode-property-regex@7.12.13
├─ @babel/plugin-syntax-class-properties@7.12.13
├─ @babel/plugin-syntax-top-level-await@7.12.13
├─ @babel/plugin-transform-arrow-functions@7.13.0
├─ @babel/plugin-transform-async-to-generator@7.13.0
├─ @babel/plugin-transform-block-scoped-functions@7.12.13
├─ @babel/plugin-transform-block-scoping@7.14.4
├─ @babel/plugin-transform-classes@7.14.4
├─ @babel/plugin-transform-computed-properties@7.13.0
├─ @babel/plugin-transform-destructuring@7.14.4
├─ @babel/plugin-transform-dotall-regex@7.12.13
├─ @babel/plugin-transform-duplicate-keys@7.12.13
├─ @babel/plugin-transform-exponentiation-operator@7.12.13
├─ @babel/plugin-transform-for-of@7.13.0
├─ @babel/plugin-transform-function-name@7.12.13
├─ @babel/plugin-transform-literals@7.12.13
├─ @babel/plugin-transform-member-expression-literals@7.12.13
├─ @babel/plugin-transform-modules-amd@7.14.2
├─ @babel/plugin-transform-modules-commonjs@7.14.0
├─ @babel/plugin-transform-modules-systemjs@7.13.8
├─ @babel/plugin-transform-modules-umd@7.14.0
├─ @babel/plugin-transform-named-capturing-groups-regex@7.12.13
├─ @babel/plugin-transform-new-target@7.12.13
├─ @babel/plugin-transform-object-super@7.12.13
├─ @babel/plugin-transform-property-literals@7.12.13
├─ @babel/plugin-transform-reserved-words@7.12.13
├─ @babel/plugin-transform-runtime@7.14.3
├─ @babel/plugin-transform-shorthand-properties@7.12.13
├─ @babel/plugin-transform-spread@7.13.0
├─ @babel/plugin-transform-sticky-regex@7.12.13
├─ @babel/plugin-transform-template-literals@7.13.0
├─ @babel/plugin-transform-typeof-symbol@7.12.13
├─ @babel/plugin-transform-unicode-escapes@7.12.13
├─ @babel/plugin-transform-unicode-regex@7.12.13
├─ @babel/preset-env@7.14.4
├─ @babel/preset-modules@0.1.4
├─ @babel/runtime@7.14.0
├─ @npmcli/move-file@1.1.2
├─ @rails/webpacker@5.4.0
├─ @types/json-schema@7.0.7
├─ @types/node@15.12.1
├─ @types/parse-json@4.0.0
├─ @types/q@1.5.4
├─ @webassemblyjs/floating-point-hex-parser@1.9.0
├─ @webassemblyjs/helper-code-frame@1.9.0
├─ @webassemblyjs/helper-fsm@1.9.0
├─ @webassemblyjs/helper-wasm-section@1.9.0
├─ @webassemblyjs/wasm-edit@1.9.0
├─ @webassemblyjs/wasm-opt@1.9.0
├─ @xtuc/ieee754@1.2.0
├─ acorn@6.4.2
├─ aggregate-error@3.1.0
├─ ajv-errors@1.0.1
├─ ajv-keywords@3.5.2
├─ ajv@6.12.6
├─ ansi-regex@4.1.0
├─ ansi-styles@3.2.1
├─ anymatch@3.1.2
├─ argparse@1.0.10
├─ arr-flatten@1.1.0
├─ asn1.js@5.4.1
├─ assert@1.5.0
├─ assign-symbols@1.0.0
├─ async-each@1.0.3
├─ atob@2.1.2
├─ autoprefixer@9.8.6
├─ babel-loader@8.2.2
├─ babel-plugin-macros@2.8.0
├─ base@0.11.2
├─ base64-js@1.5.1
├─ binary-extensions@2.2.0
├─ bluebird@3.7.2
├─ boolbase@1.0.0
├─ brace-expansion@1.1.11
├─ braces@2.3.2
├─ brorand@1.1.0
├─ browserify-aes@1.2.0
├─ browserify-cipher@1.0.1
├─ browserify-des@1.0.2
├─ browserify-rsa@4.1.0
├─ browserify-sign@4.2.1
├─ browserify-zlib@0.2.0
├─ buffer-xor@1.0.3
├─ buffer@4.9.2
├─ builtin-status-codes@3.0.0
├─ cache-base@1.0.1
├─ caller-callsite@2.0.0
├─ caller-path@2.0.0
├─ callsites@2.0.0
├─ camelcase@5.3.1
├─ caniuse-lite@1.0.30001235
├─ case-sensitive-paths-webpack-plugin@2.4.0
├─ chokidar@3.5.1
├─ chrome-trace-event@1.0.3
├─ cipher-base@1.0.4
├─ class-utils@0.3.6
├─ clean-stack@2.2.0
├─ cliui@5.0.0
├─ coa@2.0.2
├─ collection-visit@1.0.0
├─ color-convert@1.9.3
├─ color-name@1.1.3
├─ color-string@1.5.5
├─ color@3.1.3
├─ colorette@1.2.2
├─ compression-webpack-plugin@4.0.1
├─ concat-map@0.0.1
├─ concat-stream@1.6.2
├─ console-browserify@1.2.0
├─ constants-browserify@1.0.0
├─ convert-source-map@1.7.0
├─ copy-concurrently@1.0.5
├─ copy-descriptor@0.1.1
├─ core-js-compat@3.14.0
├─ core-js@3.14.0
├─ core-util-is@1.0.2
├─ create-ecdh@4.0.4
├─ create-hmac@1.1.7
├─ cross-spawn@6.0.5
├─ crypto-browserify@3.12.0
├─ css-blank-pseudo@0.1.4
├─ css-color-names@0.0.4
├─ css-declaration-sorter@4.0.1
├─ css-has-pseudo@0.10.0
├─ css-loader@3.6.0
├─ css-prefers-color-scheme@3.1.1
├─ css-select-base-adapter@0.1.1
├─ css-select@2.1.0
├─ css-tree@1.0.0-alpha.37
├─ css-what@3.4.2
├─ cssdb@4.4.0
├─ cssnano-preset-default@4.0.8
├─ cssnano-util-raw-cache@4.0.1
├─ cssnano-util-same-parent@4.0.1
├─ cssnano@4.1.11
├─ csso@4.2.0
├─ cyclist@1.0.1
├─ debug@4.3.1
├─ decamelize@1.2.0
├─ decode-uri-component@0.2.0
├─ des.js@1.0.1
├─ detect-file@1.0.0
├─ diffie-hellman@5.0.3
├─ dom-serializer@0.2.2
├─ domain-browser@1.2.0
├─ domelementtype@1.3.1
├─ domutils@1.7.0
├─ dot-prop@5.3.0
├─ duplexify@3.7.1
├─ electron-to-chromium@1.3.749
├─ emoji-regex@7.0.3
├─ enhanced-resolve@4.5.0
├─ entities@2.2.0
├─ errno@0.1.8
├─ es-abstract@1.18.3
├─ es-to-primitive@1.2.1
├─ escalade@3.1.1
├─ escape-string-regexp@1.0.5
├─ eslint-scope@4.0.3
├─ esprima@4.0.1
├─ esrecurse@4.3.0
├─ estraverse@4.3.0
├─ esutils@2.0.3
├─ events@3.3.0
├─ expand-brackets@2.1.4
├─ expand-tilde@2.0.2
├─ extglob@2.0.4
├─ fast-deep-equal@3.1.3
├─ fast-json-stable-stringify@2.1.0
├─ file-loader@6.2.0
├─ fill-range@4.0.0
├─ findup-sync@3.0.0
├─ flatted@3.1.1
├─ flatten@1.0.3
├─ flush-write-stream@1.1.1
├─ for-in@1.0.2
├─ from2@2.3.0
├─ fs.realpath@1.0.0
├─ gensync@1.0.0-beta.2
├─ get-caller-file@2.0.5
├─ get-intrinsic@1.1.1
├─ get-value@2.0.6
├─ glob-parent@5.1.2
├─ global-modules@2.0.0
├─ global-prefix@3.0.0
├─ has-bigints@1.0.1
├─ has-value@1.0.0
├─ hash.js@1.1.7
├─ hex-color-regex@1.1.0
├─ hmac-drbg@1.0.1
├─ hsl-regex@1.0.0
├─ hsla-regex@1.0.0
├─ https-browserify@1.0.0
├─ icss-utils@4.1.1
├─ ieee754@1.2.1
├─ import-cwd@2.1.0
├─ import-fresh@2.0.0
├─ import-from@2.1.0
├─ import-local@2.0.0
├─ indent-string@4.0.0
├─ infer-owner@1.0.4
├─ inflight@1.0.6
├─ ini@1.3.8
├─ interpret@1.4.0
├─ is-absolute-url@2.1.0
├─ is-accessor-descriptor@1.0.0
├─ is-arrayish@0.2.1
├─ is-bigint@1.0.2
├─ is-binary-path@2.1.0
├─ is-boolean-object@1.1.1
├─ is-callable@1.2.3
├─ is-color-stop@1.1.0
├─ is-core-module@2.4.0
├─ is-data-descriptor@1.0.0
├─ is-date-object@1.0.4
├─ is-descriptor@1.0.2
├─ is-directory@0.3.1
├─ is-extglob@2.1.1
├─ is-fullwidth-code-point@2.0.0
├─ is-glob@4.0.1
├─ is-negative-zero@2.0.1
├─ is-number-object@1.0.5
├─ is-obj@2.0.0
├─ is-plain-obj@1.1.0
├─ is-plain-object@2.0.4
├─ is-regex@1.1.3
├─ is-resolvable@1.1.0
├─ is-string@1.0.6
├─ is-symbol@1.0.4
├─ is-windows@1.0.2
├─ is-wsl@1.1.0
├─ isarray@1.0.0
├─ isexe@2.0.0
├─ jest-worker@26.6.2
├─ js-tokens@4.0.0
├─ jsesc@2.5.2
├─ json-parse-better-errors@1.0.2
├─ json-parse-even-better-errors@2.3.1
├─ json-schema-traverse@0.4.1
├─ kind-of@3.2.2
├─ klona@2.0.4
├─ last-call-webpack-plugin@3.0.0
├─ lines-and-columns@1.1.6
├─ loader-runner@2.4.0
├─ locate-path@3.0.0
├─ lodash.debounce@4.0.8
├─ lodash.get@4.4.2
├─ lodash.has@4.5.2
├─ lodash.memoize@4.1.2
├─ lodash.uniq@4.5.0
├─ lodash@4.17.21
├─ make-dir@3.1.0
├─ map-visit@1.0.0
├─ mdn-data@2.0.4
├─ memory-fs@0.4.1
├─ merge-stream@2.0.0
├─ micromatch@3.1.10
├─ miller-rabin@4.0.1
├─ mini-css-extract-plugin@0.9.0
├─ minimatch@3.0.4
├─ minipass-collect@1.0.2
├─ minipass-flush@1.0.5
├─ minipass-pipeline@1.2.4
├─ minizlib@2.1.2
├─ mississippi@3.0.0
├─ mixin-deep@1.3.2
├─ mkdirp@0.5.5
├─ move-concurrently@1.0.1
├─ ms@2.1.2
├─ nanomatch@1.2.13
├─ neo-async@2.6.2
├─ nice-try@1.0.5
├─ node-libs-browser@2.2.1
├─ node-releases@1.1.72
├─ normalize-path@3.0.0
├─ normalize-range@0.1.2
├─ normalize-url@1.9.1
├─ nth-check@1.0.2
├─ num2fraction@1.2.2
├─ object-assign@4.1.1
├─ object-copy@0.1.0
├─ object-inspect@1.10.3
├─ object.assign@4.1.2
├─ object.getownpropertydescriptors@2.1.2
├─ object.values@1.1.4
├─ optimize-css-assets-webpack-plugin@5.0.6
├─ os-browserify@0.3.0
├─ p-limit@2.3.0
├─ p-locate@3.0.0
├─ p-map@4.0.0
├─ p-try@2.2.0
├─ pako@1.0.11
├─ parallel-transform@1.2.0
├─ parent-module@1.0.1
├─ parse-asn1@5.1.6
├─ parse-json@4.0.0
├─ parse-passwd@1.0.0
├─ pascalcase@0.1.1
├─ path-browserify@0.0.1
├─ path-complete-extname@1.0.0
├─ path-dirname@1.0.2
├─ path-exists@3.0.0
├─ path-is-absolute@1.0.1
├─ path-key@2.0.1
├─ path-parse@1.0.7
├─ path-type@4.0.0
├─ picomatch@2.3.0
├─ pify@2.3.0
├─ pnp-webpack-plugin@1.6.4
├─ posix-character-classes@0.1.1
├─ postcss-attribute-case-insensitive@4.0.2
├─ postcss-calc@7.0.5
├─ postcss-color-functional-notation@2.0.1
├─ postcss-color-gray@5.0.0
├─ postcss-color-hex-alpha@5.0.3
├─ postcss-color-mod-function@3.0.3
├─ postcss-color-rebeccapurple@4.0.1
├─ postcss-colormin@4.0.3
├─ postcss-convert-values@4.0.1
├─ postcss-custom-media@7.0.8
├─ postcss-custom-properties@8.0.11
├─ postcss-custom-selectors@5.1.2
├─ postcss-dir-pseudo-class@5.0.0
├─ postcss-discard-comments@4.0.2
├─ postcss-discard-duplicates@4.0.2
├─ postcss-discard-empty@4.0.1
├─ postcss-discard-overridden@4.0.1
├─ postcss-double-position-gradients@1.0.0
├─ postcss-env-function@2.0.2
├─ postcss-flexbugs-fixes@4.2.1
├─ postcss-focus-visible@4.0.0
├─ postcss-focus-within@3.0.0
├─ postcss-font-variant@4.0.1
├─ postcss-gap-properties@2.0.0
├─ postcss-image-set-function@3.0.1
├─ postcss-import@12.0.1
├─ postcss-initial@3.0.4
├─ postcss-lab-function@2.0.1
├─ postcss-load-config@2.1.2
├─ postcss-loader@3.0.0
├─ postcss-logical@3.0.0
├─ postcss-media-minmax@4.0.0
├─ postcss-merge-longhand@4.0.11
├─ postcss-merge-rules@4.0.3
├─ postcss-minify-font-values@4.0.2
├─ postcss-minify-gradients@4.0.2
├─ postcss-minify-params@4.0.2
├─ postcss-minify-selectors@4.0.2
├─ postcss-modules-extract-imports@2.0.0
├─ postcss-modules-local-by-default@3.0.3
├─ postcss-modules-scope@2.2.0
├─ postcss-modules-values@3.0.0
├─ postcss-nesting@7.0.1
├─ postcss-normalize-charset@4.0.1
├─ postcss-normalize-display-values@4.0.2
├─ postcss-normalize-positions@4.0.2
├─ postcss-normalize-repeat-style@4.0.2
├─ postcss-normalize-string@4.0.2
├─ postcss-normalize-timing-functions@4.0.2
├─ postcss-normalize-unicode@4.0.1
├─ postcss-normalize-url@4.0.1
├─ postcss-normalize-whitespace@4.0.2
├─ postcss-ordered-values@4.1.2
├─ postcss-overflow-shorthand@2.0.0
├─ postcss-page-break@2.0.0
├─ postcss-place@4.0.1
├─ postcss-preset-env@6.7.0
├─ postcss-pseudo-class-any-link@6.0.0
├─ postcss-reduce-initial@4.0.3
├─ postcss-reduce-transforms@4.0.2
├─ postcss-replace-overflow-wrap@3.0.0
├─ postcss-safe-parser@4.0.2
├─ postcss-selector-matches@4.0.0
├─ postcss-selector-not@4.0.1
├─ postcss-svgo@4.0.3
├─ postcss-unique-selectors@4.0.1
├─ prepend-http@1.0.4
├─ process-nextick-args@2.0.1
├─ process@0.11.10
├─ prr@1.0.1
├─ public-encrypt@4.0.3
├─ pump@3.0.0
├─ pumpify@1.5.1
├─ punycode@1.4.1
├─ q@1.5.1
├─ query-string@4.3.4
├─ querystring-es3@0.2.1
├─ querystring@0.2.0
├─ randomfill@1.0.4
├─ read-cache@1.0.0
├─ readdirp@3.5.0
├─ regenerate-unicode-properties@8.2.0
├─ regenerator-runtime@0.13.7
├─ regenerator-transform@0.14.5
├─ regexpu-core@4.7.1
├─ regjsgen@0.5.2
├─ regjsparser@0.6.9
├─ remove-trailing-separator@1.1.0
├─ repeat-element@1.1.4
├─ require-directory@2.1.1
├─ require-main-filename@2.0.0
├─ resolve-cwd@2.0.0
├─ resolve-dir@1.0.1
├─ resolve-url@0.2.1
├─ resolve@1.20.0
├─ ret@0.1.15
├─ rgb-regex@1.0.1
├─ rgba-regex@1.0.0
├─ ripemd160@2.0.2
├─ run-queue@1.0.3
├─ safer-buffer@2.1.2
├─ sass-loader@10.1.1
├─ sass@1.34.1
├─ sax@1.2.4
├─ semver@6.3.0
├─ set-blocking@2.0.0
├─ set-value@2.0.1
├─ setimmediate@1.0.5
├─ shebang-command@1.2.0
├─ shebang-regex@1.0.0
├─ simple-swizzle@0.2.2
├─ snapdragon-node@2.1.1
├─ snapdragon-util@3.0.1
├─ sort-keys@1.1.2
├─ source-list-map@2.0.1
├─ source-map-resolve@0.5.3
├─ source-map-support@0.5.19
├─ source-map-url@0.4.1
├─ split-string@3.1.0
├─ sprintf-js@1.0.3
├─ ssri@8.0.1
├─ stable@0.1.8
├─ static-extend@0.1.2
├─ stream-browserify@2.0.2
├─ stream-each@1.2.3
├─ stream-http@2.8.3
├─ strict-uri-encode@1.1.0
├─ string_decoder@1.3.0
├─ string.prototype.trimend@1.0.4
├─ string.prototype.trimstart@1.0.4
├─ strip-ansi@5.2.0
├─ style-loader@1.3.0
├─ stylehacks@4.0.3
├─ svgo@1.3.2
├─ tar@6.1.0
├─ terser-webpack-plugin@4.2.3
├─ terser@5.7.0
├─ through2@2.0.5
├─ timers-browserify@2.0.12
├─ timsort@0.3.0
├─ to-arraybuffer@1.0.1
├─ to-fast-properties@2.0.0
├─ to-object-path@0.3.0
├─ to-regex-range@2.1.1
├─ ts-pnp@1.2.0
├─ tty-browserify@0.0.0
├─ typedarray@0.0.6
├─ unbox-primitive@1.0.1
├─ unicode-canonical-property-names-ecmascript@1.0.4
├─ unicode-match-property-ecmascript@1.0.4
├─ unicode-match-property-value-ecmascript@1.2.0
├─ unicode-property-aliases-ecmascript@1.1.0
├─ union-value@1.0.1
├─ unique-slug@2.0.2
├─ unquote@1.1.1
├─ unset-value@1.0.0
├─ upath@1.2.0
├─ uri-js@4.4.1
├─ urix@0.1.0
├─ url@0.11.0
├─ use@3.1.1
├─ util-deprecate@1.0.2
├─ util.promisify@1.0.1
├─ util@0.11.1
├─ v8-compile-cache@2.3.0
├─ vendors@1.0.4
├─ vm-browserify@1.1.2
├─ watchpack-chokidar2@2.0.1
├─ watchpack@1.7.5
├─ webpack-assets-manifest@3.1.1
├─ webpack-cli@3.3.12
├─ webpack-sources@1.4.3
├─ webpack@4.46.0
├─ which-boxed-primitive@1.0.2
├─ which-module@2.0.0
├─ which@1.3.1
├─ worker-farm@1.7.0
├─ wrap-ansi@5.1.0
├─ xtend@4.0.2
├─ yaml@1.10.2
├─ yargs-parser@13.1.2
├─ yargs@13.3.2
└─ yocto-queue@0.1.0
Done in 40.55s.
Installing webpack and webpack-cli as direct dependencies
         run  yarn add webpack@^4.46.0 webpack-cli@^3.3.12 from "."
yarn add v1.22.10
[1/4] Resolving packages...
[2/4] Fetching packages...
info fsevents@2.3.2: The platform "linux" is incompatible with this module.
info "fsevents@2.3.2" is an optional dependency and failed compatibility check. Excluding it from installation.
info fsevents@1.2.13: The platform "linux" is incompatible with this module.
info "fsevents@1.2.13" is an optional dependency and failed compatibility check. Excluding it from installation.
[3/4] Linking dependencies...
[4/4] Building fresh packages...
success Saved 0 new dependencies.
Done in 2.96s.
Installing dev server for live reloading
         run  yarn add --dev webpack-dev-server from "."
yarn add v1.22.10
[1/4] Resolving packages...
warning webpack-dev-server > sockjs > uuid@3.4.0: Please upgrade  to version 7 or higher.  Older versions may use Math.random() in certain circumstances, which is known to be problematic.  See https://v8.dev/blog/math-random for details.
warning webpack-dev-server > webpack-log > uuid@3.4.0: Please upgrade  to version 7 or higher.  Older versions may use Math.random() in certain circumstances, which is known to be problematic.  See https://v8.dev/blog/math-random for details.
[2/4] Fetching packages...
info fsevents@2.3.2: The platform "linux" is incompatible with this module.
info "fsevents@2.3.2" is an optional dependency and failed compatibility check. Excluding it from installation.
info fsevents@1.2.13: The platform "linux" is incompatible with this module.
info "fsevents@1.2.13" is an optional dependency and failed compatibility check. Excluding it from installation.
[3/4] Linking dependencies...
[4/4] Building fresh packages...
success Saved lockfile.
success Saved 107 new dependencies.
info Direct dependencies
└─ webpack-dev-server@3.11.2
info All dependencies
├─ @types/glob@7.1.3
├─ @types/minimatch@3.0.4
├─ accepts@1.3.7
├─ ansi-colors@3.2.4
├─ ansi-html@0.0.7
├─ array-flatten@1.1.1
├─ array-union@1.0.2
├─ array-uniq@1.0.3
├─ async-limiter@1.0.1
├─ async@2.6.3
├─ batch@0.6.1
├─ body-parser@1.19.0
├─ bonjour@3.5.0
├─ buffer-indexof@1.1.1
├─ compressible@2.0.18
├─ compression@1.7.4
├─ connect-history-api-fallback@1.6.0
├─ content-disposition@0.5.3
├─ cookie-signature@1.0.6
├─ cookie@0.4.0
├─ deep-equal@1.1.1
├─ default-gateway@4.2.0
├─ del@4.1.1
├─ destroy@1.0.4
├─ detect-node@2.1.0
├─ dns-equal@1.0.0
├─ dns-packet@1.3.4
├─ dns-txt@2.0.2
├─ ee-first@1.1.1
├─ eventemitter3@4.0.7
├─ eventsource@1.1.0
├─ execa@1.0.0
├─ express@4.17.1
├─ finalhandler@1.1.2
├─ follow-redirects@1.14.1
├─ forwarded@0.2.0
├─ get-stream@4.1.0
├─ globby@6.1.0
├─ handle-thing@2.0.1
├─ hpack.js@2.1.6
├─ html-entities@1.4.0
├─ http-deceiver@1.2.7
├─ http-parser-js@0.5.3
├─ http-proxy-middleware@0.19.1
├─ http-proxy@1.18.1
├─ internal-ip@4.3.0
├─ ip-regex@2.1.0
├─ ip@1.1.5
├─ ipaddr.js@1.9.1
├─ is-absolute-url@3.0.3
├─ is-arguments@1.1.0
├─ is-path-cwd@2.2.0
├─ is-path-in-cwd@2.1.0
├─ is-path-inside@2.1.0
├─ is-stream@1.1.0
├─ json3@3.3.3
├─ killable@1.0.1
├─ loglevel@1.7.1
├─ media-typer@0.3.0
├─ merge-descriptors@1.0.1
├─ methods@1.1.2
├─ mime-db@1.48.0
├─ mime@2.5.2
├─ multicast-dns-service-types@1.1.0
├─ multicast-dns@6.2.3
├─ negotiator@0.6.2
├─ node-forge@0.10.0
├─ npm-run-path@2.0.2
├─ object-is@1.1.5
├─ obuf@1.1.2
├─ on-headers@1.0.2
├─ opn@5.5.0
├─ original@1.0.2
├─ p-finally@1.0.0
├─ p-retry@3.0.1
├─ path-is-inside@1.0.2
├─ path-to-regexp@0.1.7
├─ pinkie-promise@2.0.1
├─ pinkie@2.0.4
├─ portfinder@1.0.28
├─ proxy-addr@2.0.7
├─ querystringify@2.2.0
├─ raw-body@2.4.0
├─ regexp.prototype.flags@1.3.1
├─ retry@0.12.0
├─ select-hose@2.0.0
├─ selfsigned@1.10.11
├─ serve-index@1.9.1
├─ serve-static@1.14.1
├─ signal-exit@3.0.3
├─ sockjs-client@1.5.1
├─ sockjs@0.3.21
├─ spdy-transport@3.0.0
├─ spdy@4.0.2
├─ strip-eof@1.0.0
├─ thunky@1.1.0
├─ type-is@1.6.18
├─ unpipe@1.0.0
├─ url-parse@1.5.1
├─ utils-merge@1.0.1
├─ uuid@3.4.0
├─ wbuf@1.7.3
├─ webpack-dev-middleware@3.7.3
├─ webpack-dev-server@3.11.2
├─ websocket-driver@0.7.4
├─ websocket-extensions@0.1.4
└─ ws@6.2.2
Done in 8.93s.
Webpacker successfully installed 🎉 🍰
harsh@harsh-HP-Notebook:~/bv_training_project/blog_project$ rails -s
Run options: --seed 56648

# Running:

/home/harsh/bv_training_project/blog_project/db/schema.rb doesn't exist yet. Run `bin/rails db:migrate` to create it, then try again. If you do not intend to use a database, you should instead alter /home/harsh/bv_training_project/blog_project/config/application.rb to limit the frameworks that will be loaded.
/home/harsh/bv_training_project/blog_project/db/schema.rb doesn't exist yet. Run `bin/rails db:migrate` to create it, then try again. If you do not intend to use a database, you should instead alter /home/harsh/bv_training_project/blog_project/config/application.rb to limit the frameworks that will be loaded.


Finished in 0.040497s, 0.0000 runs/s, 0.0000 assertions/s.
0 runs, 0 assertions, 0 failures, 0 errors, 0 skips
harsh@harsh-HP-Notebook:~/bv_training_project/blog_project$ 


